Component: Arm Compiler for Embedded 6.24 Tool: armlink [5f371500]

==============================================================================

Section Cross References

    startup_stm32f103xb.o(STACK) refers (Special) to heapauxi.o(.text) for __use_two_region_memory
    startup_stm32f103xb.o(HEAP) refers (Special) to heapauxi.o(.text) for __use_two_region_memory
    startup_stm32f103xb.o(RESET) refers (Special) to heapauxi.o(.text) for __use_two_region_memory
    startup_stm32f103xb.o(RESET) refers to startup_stm32f103xb.o(STACK) for __initial_sp
    startup_stm32f103xb.o(RESET) refers to startup_stm32f103xb.o(.text) for Reset_Handler
    startup_stm32f103xb.o(RESET) refers to stm32f1xx_it.o(.text.NMI_Handler) for NMI_Handler
    startup_stm32f103xb.o(RESET) refers to stm32f1xx_it.o(.text.HardFault_Handler) for HardFault_Handler
    startup_stm32f103xb.o(RESET) refers to stm32f1xx_it.o(.text.MemManage_Handler) for MemManage_Handler
    startup_stm32f103xb.o(RESET) refers to stm32f1xx_it.o(.text.BusFault_Handler) for BusFault_Handler
    startup_stm32f103xb.o(RESET) refers to stm32f1xx_it.o(.text.UsageFault_Handler) for UsageFault_Handler
    startup_stm32f103xb.o(RESET) refers to stm32f1xx_it.o(.text.SVC_Handler) for SVC_Handler
    startup_stm32f103xb.o(RESET) refers to stm32f1xx_it.o(.text.DebugMon_Handler) for DebugMon_Handler
    startup_stm32f103xb.o(RESET) refers to stm32f1xx_it.o(.text.PendSV_Handler) for PendSV_Handler
    startup_stm32f103xb.o(RESET) refers to stm32f1xx_it.o(.text.SysTick_Handler) for SysTick_Handler
    startup_stm32f103xb.o(RESET) refers to stm32f1xx_it.o(.text.EXTI9_5_IRQHandler) for EXTI9_5_IRQHandler
    startup_stm32f103xb.o(.text) refers (Special) to heapauxi.o(.text) for __use_two_region_memory
    startup_stm32f103xb.o(.text) refers to system_stm32f1xx.o(.text.SystemInit) for SystemInit
    startup_stm32f103xb.o(.text) refers to __main.o(!!!main) for __main
    startup_stm32f103xb.o(.text) refers to startup_stm32f103xb.o(HEAP) for Heap_Mem
    startup_stm32f103xb.o(.text) refers to startup_stm32f103xb.o(STACK) for Stack_Mem
    main.o(.ARM.exidx.text.Force_PC13_Init) refers to main.o(.text.Force_PC13_Init) for [Anonymous Symbol]
    main.o(.text.Config_StepPin_As_PWM) refers to stm32f1xx_hal_gpio.o(.text.HAL_GPIO_Init) for HAL_GPIO_Init
    main.o(.ARM.exidx.text.Config_StepPin_As_PWM) refers to main.o(.text.Config_StepPin_As_PWM) for [Anonymous Symbol]
    main.o(.text.Config_StepPin_As_GPIO) refers to tim.o(.bss.htim1) for htim1
    main.o(.text.Config_StepPin_As_GPIO) refers to stm32f1xx_hal_tim_ex.o(.text.HAL_TIMEx_PWMN_Stop) for HAL_TIMEx_PWMN_Stop
    main.o(.text.Config_StepPin_As_GPIO) refers to stm32f1xx_hal_gpio.o(.text.HAL_GPIO_Init) for HAL_GPIO_Init
    main.o(.text.Config_StepPin_As_GPIO) refers to stm32f1xx_hal_gpio.o(.text.HAL_GPIO_WritePin) for HAL_GPIO_WritePin
    main.o(.ARM.exidx.text.Config_StepPin_As_GPIO) refers to main.o(.text.Config_StepPin_As_GPIO) for [Anonymous Symbol]
    main.o(.text.Manual_Step_Pulse) refers to stm32f1xx_hal_gpio.o(.text.HAL_GPIO_WritePin) for HAL_GPIO_WritePin
    main.o(.ARM.exidx.text.Manual_Step_Pulse) refers to main.o(.text.Manual_Step_Pulse) for [Anonymous Symbol]
    main.o(.text.Set_Motor_Frequency) refers to tim.o(.bss.htim1) for htim1
    main.o(.ARM.exidx.text.Set_Motor_Frequency) refers to main.o(.text.Set_Motor_Frequency) for [Anonymous Symbol]
    main.o(.text.Set_Microstep_GPIO) refers to stm32f1xx_hal_gpio.o(.text.HAL_GPIO_WritePin) for HAL_GPIO_WritePin
    main.o(.ARM.exidx.text.Set_Microstep_GPIO) refers to main.o(.text.Set_Microstep_GPIO) for [Anonymous Symbol]
    main.o(.text.Process_Input_To_Events) refers to main.o(.bss..L_MergedGlobals.2) for .L_MergedGlobals.2
    main.o(.text.Process_Input_To_Events) refers to encoder.o(.text.ENC_GetCounter) for ENC_GetCounter
    main.o(.text.Process_Input_To_Events) refers to tmc2209.o(.text.TMC2209_SetDirection) for TMC2209_SetDirection
    main.o(.text.Process_Input_To_Events) refers to tmc2209.o(.text.TMC2209_EnableDriver) for TMC2209_EnableDriver
    main.o(.text.Process_Input_To_Events) refers to stm32f1xx_hal.o(.text.HAL_Delay) for HAL_Delay
    main.o(.text.Process_Input_To_Events) refers to stm32f1xx_hal_gpio.o(.text.HAL_GPIO_WritePin) for HAL_GPIO_WritePin
    main.o(.text.Process_Input_To_Events) refers to interface.o(.text.UI_HandleEvent) for UI_HandleEvent
    main.o(.text.Process_Input_To_Events) refers to encoder.o(.text.ENC_IsBtnPressed) for ENC_IsBtnPressed
    main.o(.text.Process_Input_To_Events) refers to stm32f1xx_hal.o(.text.HAL_GetTick) for HAL_GetTick
    main.o(.text.Process_Input_To_Events) refers to stm32f1xx_hal_gpio.o(.text.HAL_GPIO_ReadPin) for HAL_GPIO_ReadPin
    main.o(.text.Process_Input_To_Events) refers to main.o(.data.btn_back_last_state) for btn_back_last_state
    main.o(.ARM.exidx.text.Process_Input_To_Events) refers to main.o(.text.Process_Input_To_Events) for [Anonymous Symbol]
[...]
    Removing encoder.o(.ARM.exidx.text.ENC_ResetCounter), (8 bytes).
    Removing interface.o(.text), (0 bytes).
    Removing interface.o(.ARM.exidx.text.UI_Init), (8 bytes).
    Removing interface.o(.ARM.exidx.text.UI_HandleEvent), (8 bytes).
    Removing interface.o(.ARM.exidx.text.UI_Refresh), (8 bytes).
    Removing tmc2209.o(.text), (0 bytes).
    Removing tmc2209.o(.ARM.exidx.text.TMC2209_Init), (8 bytes).
    Removing tmc2209.o(.ARM.exidx.text.TMC2209_WriteRegister), (8 bytes).
    Removing tmc2209.o(.ARM.exidx.text.TMC2209_AttachPins), (8 bytes).
    Removing tmc2209.o(.ARM.exidx.text.TMC2209_EnableDriver), (8 bytes).
    Removing tmc2209.o(.ARM.exidx.text.TMC2209_SetDirection), (8 bytes).
    Removing tmc2209.o(.ARM.exidx.text.TMC2209_SetCurrent), (8 bytes).
    Removing tmc2209.o(.text.TMC2209_SetMicrosteps_UART), (26 bytes).
    Removing tmc2209.o(.ARM.exidx.text.TMC2209_SetMicrosteps_UART), (8 bytes).
    Removing tmc2209.o(.ARM.exidx.text.TMC2209_UseUartForStepping), (8 bytes).
    Removing tmc2209.o(.text.TMC2209_SetMicrosteps_GPIO), (76 bytes).
    Removing tmc2209.o(.ARM.exidx.text.TMC2209_SetMicrosteps_GPIO), (8 bytes).

873 unused section(s) (total 58228 bytes) removed from the image.

==============================================================================

Image Symbol Table

    Local Symbols

    Symbol Name                              Value     Ov Type        Size  Object(Section)

    ../clib/angel/boardlib.s                 0x00000000   Number         0  boardinit1.o ABSOLUTE
    ../clib/angel/boardlib.s                 0x00000000   Number         0  boardinit2.o ABSOLUTE
    ../clib/angel/boardlib.s                 0x00000000   Number         0  boardinit3.o ABSOLUTE
    ../clib/angel/boardlib.s                 0x00000000   Number         0  boardshut.o ABSOLUTE
    ../clib/angel/handlers.s                 0x00000000   Number         0  __scatter_copy.o ABSOLUTE
    ../clib/angel/handlers.s                 0x00000000   Number         0  __scatter_zi.o ABSOLUTE
    ../clib/angel/kernel.s                   0x00000000   Number         0  __rtentry.o ABSOLUTE
    ../clib/angel/kernel.s                   0x00000000   Number         0  __rtentry2.o ABSOLUTE
    ../clib/angel/kernel.s                   0x00000000   Number         0  __rtentry4.o ABSOLUTE
    ../clib/angel/kernel.s                   0x00000000   Number         0  rtexit.o ABSOLUTE
    ../clib/angel/kernel.s                   0x00000000   Number         0  rtexit2.o ABSOLUTE
    ../clib/angel/rt.s                       0x00000000   Number         0  rt_raise.o ABSOLUTE
    ../clib/angel/scatter.s                  0x00000000   Number         0  __scatter.o ABSOLUTE
    ../clib/angel/startup.s                  0x00000000   Number         0  __main.o ABSOLUTE
    ../clib/angel/sys.s                      0x00000000   Number         0  sys_stackheap_outer.o ABSOLUTE
    ../clib/angel/sys.s                      0x00000000   Number         0  libspace.o ABSOLUTE
    ../clib/angel/sys.s                      0x00000000   Number         0  use_no_semi.o ABSOLUTE
    ../clib/angel/sys.s                      0x00000000   Number         0  indicate_semi.o ABSOLUTE
    ../clib/angel/sysapp.c                   0x00000000   Number         0  sys_exit.o ABSOLUTE
    ../clib/angel/sysapp.c                   0x00000000   Number         0  sys_exit_hlt.o ABSOLUTE
    ../clib/angel/sysapp.c                   0x00000000   Number         0  sys_command.o ABSOLUTE
    ../clib/angel/sysapp.c                   0x00000000   Number         0  sys_command_hlt.o ABSOLUTE
    ../clib/angel/sysapp.c                   0x00000000   Number         0  sys_wrch.o ABSOLUTE
    ../clib/angel/sysapp.c                   0x00000000   Number         0  sys_wrch_hlt.o ABSOLUTE
    ../clib/armsys.c                         0x00000000   Number         0  argv_veneer.o ABSOLUTE
    ../clib/armsys.c                         0x00000000   Number         0  argv_veneer.o ABSOLUTE
    ../clib/armsys.c                         0x00000000   Number         0  _get_argv_nomalloc.o ABSOLUTE
    ../clib/armsys.c                         0x00000000   Number         0  no_argv.o ABSOLUTE
    ../clib/heapalloc.c                      0x00000000   Number         0  hrguard.o ABSOLUTE
    ../clib/heapaux.c                        0x00000000   Number         0  heapauxi.o ABSOLUTE
    ../clib/libinit.s                        0x00000000   Number         0  libinit.o ABSOLUTE
    ../clib/libinit.s                        0x00000000   Number         0  libinit2.o ABSOLUTE
    ../clib/libinit.s                        0x00000000   Number         0  libshutdown.o ABSOLUTE
    ../clib/libinit.s                        0x00000000   Number         0  libshutdown2.o ABSOLUTE
    ../clib/misc.s                           0x00000000   Number         0  printf_stubs.o ABSOLUTE
    ../clib/printf.c                         0x00000000   Number         0  __2sprintf.o ABSOLUTE
    ../clib/printf.c                         0x00000000   Number         0  noretval__2sprintf.o ABSOLUTE
    ../clib/printf.c                         0x00000000   Number         0  __printf.o ABSOLUTE
    ../clib/printf.c                         0x00000000   Number         0  _printf_pad.o ABSOLUTE
    ../clib/printf.c                         0x00000000   Number         0  _printf_str.o ABSOLUTE
    ../clib/printf.c                         0x00000000   Number         0  _printf_dec.o ABSOLUTE
    ../clib/printf.c                         0x00000000   Number         0  __printf_flags.o ABSOLUTE
    ../clib/printf.c                         0x00000000   Number         0  __printf_ss.o ABSOLUTE
    ../clib/printf.c                         0x00000000   Number         0  __printf_flags_ss.o ABSOLUTE
    ../clib/printf.c                         0x00000000   Number         0  __printf_wp.o ABSOLUTE
    ../clib/printf.c                         0x00000000   Number         0  __printf_flags_wp.o ABSOLUTE
    ../clib/printf.c                         0x00000000   Number         0  __printf_ss_wp.o ABSOLUTE
    ../clib/printf.c                         0x00000000   Number         0  __printf_flags_ss_wp.o ABSOLUTE
    ../clib/printf.c                         0x00000000   Number         0  _printf_intcommon.o ABSOLUTE
    ../clib/printf.c                         0x00000000   Number         0  _printf_char_common.o ABSOLUTE
    ../clib/printf.c                         0x00000000   Number         0  _sputc.o ABSOLUTE
    ../clib/printf.c                         0x00000000   Number         0  _printf_char.o ABSOLUTE
    ../clib/printf.c                         0x00000000   Number         0  __printf_nopercent.o ABSOLUTE
    ../clib/printf_percent.s                 0x00000000   Number         0  _printf_s.o ABSOLUTE
    ../clib/printf_percent.s                 0x00000000   Number         0  _printf_d.o ABSOLUTE
    ../clib/printf_percent.s                 0x00000000   Number         0  _printf_percent.o ABSOLUTE
    ../clib/printf_percent.s                 0x00000000   Number         0  _printf_percent_end.o ABSOLUTE
    ../clib/signal.c                         0x00000000   Number         0  defsig_rtmem_outer.o ABSOLUTE
    ../clib/signal.c                         0x00000000   Number         0  defsig_rtmem_formal.o ABSOLUTE
    ../clib/signal.c                         0x00000000   Number         0  defsig_exit.o ABSOLUTE
    ../clib/signal.c                         0x00000000   Number         0  defsig_rtmem_inner.o ABSOLUTE
    ../clib/signal.c                         0x00000000   Number         0  __raise.o ABSOLUTE
    ../clib/signal.c                         0x00000000   Number         0  defsig_general.o ABSOLUTE
    ../clib/signal.c                         0x00000000   Number         0  defsig_abrt_inner.o ABSOLUTE
    ../clib/signal.c                         0x00000000   Number         0  defsig_fpe_inner.o ABSOLUTE
    ../clib/signal.c                         0x00000000   Number         0  defsig_rtred_inner.o ABSOLUTE
    ../clib/signal.c                         0x00000000   Number         0  defsig_stak_inner.o ABSOLUTE
    ../clib/signal.c                         0x00000000   Number         0  defsig_pvfn_inner.o ABSOLUTE
    ../clib/signal.c                         0x00000000   Number         0  defsig_cppl_inner.o ABSOLUTE
    ../clib/signal.c                         0x00000000   Number         0  defsig_segv_inner.o ABSOLUTE
    ../clib/signal.c                         0x00000000   Number         0  defsig_other.o ABSOLUTE
    ../clib/signal.s                         0x00000000   Number         0  defsig.o ABSOLUTE
    ../clib/stdlib.c                         0x00000000   Number         0  exit.o ABSOLUTE
    ../fplib/faddsub.s                       0x00000000   Number         0  faddsub_clz.o ABSOLUTE
    ../fplib/fdiv.s                          0x00000000   Number         0  fdiv.o ABSOLUTE
    ../fplib/ffix.s                          0x00000000   Number         0  ffix.o ABSOLUTE
    ../fplib/fflt.s                          0x00000000   Number         0  fflt_clz.o ABSOLUTE
    ../fplib/fmul.s                          0x00000000   Number         0  fmul.o ABSOLUTE
    ../fplib/fnaninf.s                       0x00000000   Number         0  fnaninf.o ABSOLUTE
    ../fplib/fpinit.s                        0x00000000   Number         0  fpinit.o ABSOLUTE
    ../fplib/fpinit_empty.s                  0x00000000   Number         0  fpinit_empty.o ABSOLUTE
    ../fplib/fretinf.s                       0x00000000   Number         0  fretinf.o ABSOLUTE
    ../fplib/usenofp.s                       0x00000000   Number         0  usenofp.o ABSOLUTE
    dc.s                                     0x00000000   Number         0  dc.o ABSOLUTE
    encoder.c                                0x00000000   Number         0  encoder.o ABSOLUTE
    gpio.c                                   0x00000000   Number         0  gpio.o ABSOLUTE
    i2c.c                                    0x00000000   Number         0  i2c.o ABSOLUTE
    i2c_lcd.c                                0x00000000   Number         0  i2c_lcd.o ABSOLUTE
    interface.c                              0x00000000   Number         0  interface.o ABSOLUTE
    main.c                                   0x00000000   Number         0  main.o ABSOLUTE
    startup_stm32f103xb.s                    0x00000000   Number         0  startup_stm32f103xb.o ABSOLUTE
    stm32f1xx_hal.c                          0x00000000   Number         0  stm32f1xx_hal.o ABSOLUTE
    stm32f1xx_hal_cortex.c                   0x00000000   Number         0  stm32f1xx_hal_cortex.o ABSOLUTE
    stm32f1xx_hal_dma.c                      0x00000000   Number         0  stm32f1xx_hal_dma.o ABSOLUTE
    stm32f1xx_hal_exti.c                     0x00000000   Number         0  stm32f1xx_hal_exti.o ABSOLUTE
    stm32f1xx_hal_flash.c                    0x00000000   Number         0  stm32f1xx_hal_flash.o ABSOLUTE
    stm32f1xx_hal_flash_ex.c                 0x00000000   Number         0  stm32f1xx_hal_flash_ex.o ABSOLUTE
    stm32f1xx_hal_gpio.c                     0x00000000   Number         0  stm32f1xx_hal_gpio.o ABSOLUTE
    stm32f1xx_hal_gpio_ex.c                  0x00000000   Number         0  stm32f1xx_hal_gpio_ex.o ABSOLUTE
    stm32f1xx_hal_i2c.c                      0x00000000   Number         0  stm32f1xx_hal_i2c.o ABSOLUTE
    stm32f1xx_hal_msp.c                      0x00000000   Number         0  stm32f1xx_hal_msp.o ABSOLUTE
    stm32f1xx_hal_pwr.c                      0x00000000   Number         0  stm32f1xx_hal_pwr.o ABSOLUTE
    stm32f1xx_hal_rcc.c                      0x00000000   Number         0  stm32f1xx_hal_rcc.o ABSOLUTE
    stm32f1xx_hal_rcc_ex.c                   0x00000000   Number         0  stm32f1xx_hal_rcc_ex.o ABSOLUTE
    stm32f1xx_hal_tim.c                      0x00000000   Number         0  stm32f1xx_hal_tim.o ABSOLUTE
    stm32f1xx_hal_tim_ex.c                   0x00000000   Number         0  stm32f1xx_hal_tim_ex.o ABSOLUTE
    stm32f1xx_hal_uart.c                     0x00000000   Number         0  stm32f1xx_hal_uart.o ABSOLUTE
    stm32f1xx_it.c                           0x00000000   Number         0  stm32f1xx_it.o ABSOLUTE
    system_stm32f1xx.c                       0x00000000   Number         0  system_stm32f1xx.o ABSOLUTE
    tim.c                                    0x00000000   Number         0  tim.o ABSOLUTE
    tmc2209.c                                0x00000000   Number         0  tmc2209.o ABSOLUTE
    usart.c                                  0x00000000   Number         0  usart.o ABSOLUTE
    RESET                                    0x08000000   Section      236  startup_stm32f103xb.o(RESET)
    !!!main                                  0x080000ec   Section        8  __main.o(!!!main)
    !!!scatter                               0x080000f4   Section       92  __scatter.o(!!!scatter)
    !!handler_copy                           0x08000150   Section       26  __scatter_copy.o(!!handler_copy)
    !!handler_null                           0x0800016c   Section        2  __scatter.o(!!handler_null)
    !!handler_zi                             0x08000170   Section       28  __scatter_zi.o(!!handler_zi)
    .ARM.Collect$$_printf_percent$$00000000  0x0800018c   Section        0  _printf_percent.o(.ARM.Collect$$_printf_percent$$00000000)
    .ARM.Collect$$_printf_percent$$00000009  0x0800018c   Section        6  _printf_d.o(.ARM.Collect$$_printf_percent$$00000009)
    .ARM.Collect$$_printf_percent$$00000014  0x08000192   Section        6  _printf_s.o(.ARM.Collect$$_printf_percent$$00000014)
    .ARM.Collect$$_printf_percent$$00000017  0x08000198   Section        4  _printf_percent_end.o(.ARM.Collect$$_printf_percent$$00000017)
    .ARM.Collect$$libinit$$00000000          0x0800019c   Section        2  libinit.o(.ARM.Collect$$libinit$$00000000)
    .ARM.Collect$$libinit$$00000002          0x0800019e   Section        0  libinit2.o(.ARM.Collect$$libinit$$00000002)
    .ARM.Collect$$libinit$$00000004          0x0800019e   Section        0  libinit2.o(.ARM.Collect$$libinit$$00000004)
    .ARM.Collect$$libinit$$00000006          0x0800019e   Section        0  libinit2.o(.ARM.Collect$$libinit$$00000006)
    .ARM.Collect$$libinit$$0000000C          0x0800019e   Section        0  libinit2.o(.ARM.Collect$$libinit$$0000000C)
    .ARM.Collect$$libinit$$0000000E          0x0800019e   Section        0  libinit2.o(.ARM.Collect$$libinit$$0000000E)
    .ARM.Collect$$libinit$$00000010          0x0800019e   Section        0  libinit2.o(.ARM.Collect$$libinit$$00000010)
    .ARM.Collect$$libinit$$00000013          0x0800019e   Section        0  libinit2.o(.ARM.Collect$$libinit$$00000013)
    .ARM.Collect$$libinit$$00000015          0x0800019e   Section        0  libinit2.o(.ARM.Collect$$libinit$$00000015)
    .ARM.Collect$$libinit$$00000017          0x0800019e   Section        0  libinit2.o(.ARM.Collect$$libinit$$00000017)
    .ARM.Collect$$libinit$$00000019          0x0800019e   Section        0  libinit2.o(.ARM.Collect$$libinit$$00000019)
    .ARM.Collect$$libinit$$0000001B          0x0800019e   Section        0  libinit2.o(.ARM.Collect$$libinit$$0000001B)
    .ARM.Collect$$libinit$$0000001D          0x0800019e   Section        0  libinit2.o(.ARM.Collect$$libinit$$0000001D)
    .ARM.Collect$$libinit$$0000001F          0x0800019e   Section        0  libinit2.o(.ARM.Collect$$libinit$$0000001F)
    .ARM.Collect$$libinit$$00000021          0x0800019e   Section        0  libinit2.o(.ARM.Collect$$libinit$$00000021)
    .ARM.Collect$$libinit$$00000023          0x0800019e   Section        0  libinit2.o(.ARM.Collect$$libinit$$00000023)
    .ARM.Collect$$libinit$$00000025          0x0800019e   Section        0  libinit2.o(.ARM.Collect$$libinit$$00000025)
    .ARM.Collect$$libinit$$00000027          0x0800019e   Section        0  libinit2.o(.ARM.Collect$$libinit$$00000027)
    .ARM.Collect$$libinit$$0000002E          0x0800019e   Section        0  libinit2.o(.ARM.Collect$$libinit$$0000002E)
    .ARM.Collect$$libinit$$00000030          0x0800019e   Section        0  libinit2.o(.ARM.Collect$$libinit$$00000030)
    .ARM.Collect$$libinit$$00000032          0x0800019e   Section        0  libinit2.o(.ARM.Collect$$libinit$$00000032)
    .ARM.Collect$$libinit$$00000034          0x0800019e   Section        0  libinit2.o(.ARM.Collect$$libinit$$00000034)
    .ARM.Collect$$libinit$$00000035          0x0800019e   Section        2  libinit2.o(.ARM.Collect$$libinit$$00000035)
    .ARM.Collect$$libshutdown$$00000000      0x080001a0   Section        2  libshutdown.o(.ARM.Collect$$libshutdown$$00000000)
    .ARM.Collect$$libshutdown$$00000002      0x080001a2   Section        0  libshutdown2.o(.ARM.Collect$$libshutdown$$00000002)
    .ARM.Collect$$libshutdown$$00000004      0x080001a2   Section        0  libshutdown2.o(.ARM.Collect$$libshutdown$$00000004)
    .ARM.Collect$$libshutdown$$00000007      0x080001a2   Section        0  libshutdown2.o(.ARM.Collect$$libshutdown$$00000007)
    .ARM.Collect$$libshutdown$$0000000A      0x080001a2   Section        0  libshutdown2.o(.ARM.Collect$$libshutdown$$0000000A)
    .ARM.Collect$$libshutdown$$0000000C      0x080001a2   Section        0  libshutdown2.o(.ARM.Collect$$libshutdown$$0000000C)
    .ARM.Collect$$libshutdown$$0000000F      0x080001a2   Section        0  libshutdown2.o(.ARM.Collect$$libshutdown$$0000000F)
    .ARM.Collect$$libshutdown$$00000010      0x080001a2   Section        2  libshutdown2.o(.ARM.Collect$$libshutdown$$00000010)
    .ARM.Collect$$rtentry$$00000000          0x080001a4   Section        0  __rtentry.o(.ARM.Collect$$rtentry$$00000000)
    .ARM.Collect$$rtentry$$00000002          0x080001a4   Section        0  __rtentry2.o(.ARM.Collect$$rtentry$$00000002)
    .ARM.Collect$$rtentry$$00000004          0x080001a4   Section        6  __rtentry4.o(.ARM.Collect$$rtentry$$00000004)
    .ARM.Collect$$rtentry$$00000009          0x080001aa   Section        0  __rtentry2.o(.ARM.Collect$$rtentry$$00000009)
    .ARM.Collect$$rtentry$$0000000A          0x080001aa   Section        4  __rtentry2.o(.ARM.Collect$$rtentry$$0000000A)
    .ARM.Collect$$rtentry$$0000000C          0x080001ae   Section        0  __rtentry2.o(.ARM.Collect$$rtentry$$0000000C)
    .ARM.Collect$$rtentry$$0000000D          0x080001ae   Section        8  __rtentry2.o(.ARM.Collect$$rtentry$$0000000D)
    .ARM.Collect$$rtexit$$00000000           0x080001b6   Section        2  rtexit.o(.ARM.Collect$$rtexit$$00000000)
    .ARM.Collect$$rtexit$$00000002           0x080001b8   Section        0  rtexit2.o(.ARM.Collect$$rtexit$$00000002)
    .ARM.Collect$$rtexit$$00000003           0x080001b8   Section        4  rtexit2.o(.ARM.Collect$$rtexit$$00000003)
    .ARM.Collect$$rtexit$$00000004           0x080001bc   Section        6  rtexit2.o(.ARM.Collect$$rtexit$$00000004)
    .text                                    0x080001c4   Section       64  startup_stm32f103xb.o(.text)
    .text                                    0x08000204   Section        0  noretval__2sprintf.o(.text)
    .text                                    0x0800022c   Section        0  _printf_pad.o(.text)
    .text                                    0x0800027a   Section        0  _printf_str.o(.text)
    .text                                    0x080002cc   Section        0  _printf_dec.o(.text)
    .text                                    0x08000344   Section        0  __printf_ss_wp.o(.text)
    .text                                    0x080004a4   Section        0  heapauxi.o(.text)
    .text                                    0x080004aa   Section        0  _printf_intcommon.o(.text)
    _printf_input_char                       0x0800055d   Thumb Code    10  _printf_char_common.o(.text)
    .text                                    0x0800055c   Section        0  _printf_char_common.o(.text)
    .text                                    0x0800058c   Section        0  _sputc.o(.text)
    .text                                    0x08000596   Section        0  _printf_char.o(.text)
    .text                                    0x080005c2   Section       74  sys_stackheap_outer.o(.text)
    .text                                    0x0800060c   Section        0  exit.o(.text)
    .text                                    0x08000620   Section        8  libspace.o(.text)
    .text                                    0x08000628   Section        0  sys_exit.o(.text)
    .text                                    0x08000634   Section        2  use_no_semi.o(.text)
    .text                                    0x08000636   Section        0  indicate_semi.o(.text)
    [Anonymous Symbol]                       0x08000638   Section        0  stm32f1xx_it.o(.text.BusFault_Handler)
    [Anonymous Symbol]                       0x0800063c   Section        0  stm32f1xx_it.o(.text.DebugMon_Handler)
    [Anonymous Symbol]                       0x08000640   Section        0  encoder.o(.text.ENC_GetCounter)
    [Anonymous Symbol]                       0x0800064c   Section        0  encoder.o(.text.ENC_Init)
    [Anonymous Symbol]                       0x08000660   Section        0  encoder.o(.text.ENC_IsBtnPressed)
    [Anonymous Symbol]                       0x08000674   Section        0  stm32f1xx_it.o(.text.EXTI9_5_IRQHandler)
    [Anonymous Symbol]                       0x0800067c   Section        0  main.o(.text.Error_Handler)
    [Anonymous Symbol]                       0x08000688   Section        0  stm32f1xx_hal.o(.text.HAL_Delay)
    [Anonymous Symbol]                       0x080006b0   Section        0  stm32f1xx_hal_gpio.o(.text.HAL_GPIO_EXTI_Callback)
    [Anonymous Symbol]                       0x080006b4   Section        0  stm32f1xx_hal_gpio.o(.text.HAL_GPIO_EXTI_IRQHandler)
    [Anonymous Symbol]                       0x080006cc   Section        0  stm32f1xx_hal_gpio.o(.text.HAL_GPIO_Init)
    [Anonymous Symbol]                       0x080008dc   Section        0  stm32f1xx_hal_gpio.o(.text.HAL_GPIO_ReadPin)
    [Anonymous Symbol]                       0x080008e8   Section        0  stm32f1xx_hal_gpio.o(.text.HAL_GPIO_TogglePin)
    [Anonymous Symbol]                       0x080008f8   Section        0  stm32f1xx_hal_gpio.o(.text.HAL_GPIO_WritePin)
    [Anonymous Symbol]                       0x08000904   Section        0  stm32f1xx_hal.o(.text.HAL_GetTick)
    [Anonymous Symbol]                       0x08000910   Section        0  stm32f1xx_hal_i2c.o(.text.HAL_I2C_Init)
    [Anonymous Symbol]                       0x08000a74   Section        0  stm32f1xx_hal_i2c.o(.text.HAL_I2C_Master_Transmit)
    [Anonymous Symbol]                       0x08000c50   Section        0  i2c.o(.text.HAL_I2C_MspInit)
    [Anonymous Symbol]                       0x08000cd4   Section        0  stm32f1xx_hal.o(.text.HAL_IncTick)
    [Anonymous Symbol]                       0x08000cf0   Section        0  stm32f1xx_hal.o(.text.HAL_Init)
    [Anonymous Symbol]                       0x08000d18   Section        0  stm32f1xx_hal.o(.text.HAL_InitTick)
    [Anonymous Symbol]                       0x08000d60   Section        0  stm32f1xx_hal_msp.o(.text.HAL_MspInit)
    [Anonymous Symbol]                       0x08000da4   Section        0  stm32f1xx_hal_cortex.o(.text.HAL_NVIC_EnableIRQ)
    [Anonymous Symbol]                       0x08000dc8   Section        0  stm32f1xx_hal_cortex.o(.text.HAL_NVIC_SetPriority)
    [Anonymous Symbol]                       0x08000e20   Section        0  stm32f1xx_hal_cortex.o(.text.HAL_NVIC_SetPriorityGrouping)
    [Anonymous Symbol]                       0x08000e40   Section        0  stm32f1xx_hal_rcc.o(.text.HAL_RCC_ClockConfig)
    [Anonymous Symbol]                       0x08000ffc   Section        0  stm32f1xx_hal_rcc.o(.text.HAL_RCC_GetPCLK1Freq)
    [Anonymous Symbol]                       0x08001024   Section        0  stm32f1xx_hal_rcc.o(.text.HAL_RCC_GetPCLK2Freq)
    [Anonymous Symbol]                       0x0800104c   Section        0  stm32f1xx_hal_rcc.o(.text.HAL_RCC_OscConfig)
    [Anonymous Symbol]                       0x0800144c   Section        0  stm32f1xx_hal_cortex.o(.text.HAL_SYSTICK_Config)
    [Anonymous Symbol]                       0x08001478   Section        0  stm32f1xx_hal_tim_ex.o(.text.HAL_TIMEx_ConfigBreakDeadTime)
    [Anonymous Symbol]                       0x080014c4   Section        0  stm32f1xx_hal_tim_ex.o(.text.HAL_TIMEx_MasterConfigSynchronization)
    [Anonymous Symbol]                       0x08001544   Section        0  stm32f1xx_hal_tim_ex.o(.text.HAL_TIMEx_PWMN_Start)
    [Anonymous Symbol]                       0x08001608   Section        0  stm32f1xx_hal_tim_ex.o(.text.HAL_TIMEx_PWMN_Stop)
    [Anonymous Symbol]                       0x0800169c   Section        0  stm32f1xx_hal_tim.o(.text.HAL_TIM_Encoder_Init)
    [Anonymous Symbol]                       0x080017f8   Section        0  tim.o(.text.HAL_TIM_Encoder_MspInit)
    [Anonymous Symbol]                       0x0800185c   Section        0  stm32f1xx_hal_tim.o(.text.HAL_TIM_Encoder_Start)
    [Anonymous Symbol]                       0x08001918   Section        0  stm32f1xx_hal_tim.o(.text.HAL_TIM_PWM_ConfigChannel)
    [Anonymous Symbol]                       0x08001b1c   Section        0  stm32f1xx_hal_tim.o(.text.HAL_TIM_PWM_Init)
    [Anonymous Symbol]                       0x08001c18   Section        0  tim.o(.text.HAL_TIM_PWM_MspInit)
    [Anonymous Symbol]                       0x08001c48   Section        0  stm32f1xx_hal_uart.o(.text.HAL_UART_Init)
    [Anonymous Symbol]                       0x08001d2c   Section        0  usart.o(.text.HAL_UART_MspInit)
    [Anonymous Symbol]                       0x08001dac   Section        0  stm32f1xx_hal_uart.o(.text.HAL_UART_Transmit)
    [Anonymous Symbol]                       0x08001f40   Section        0  stm32f1xx_it.o(.text.HardFault_Handler)
    I2C_WaitOnBTFFlagUntilTimeout            0x08001f45   Thumb Code   186  stm32f1xx_hal_i2c.o(.text.I2C_WaitOnBTFFlagUntilTimeout)
    [Anonymous Symbol]                       0x08001f44   Section        0  stm32f1xx_hal_i2c.o(.text.I2C_WaitOnBTFFlagUntilTimeout)
    I2C_WaitOnFlagUntilTimeout               0x08002001   Thumb Code   458  stm32f1xx_hal_i2c.o(.text.I2C_WaitOnFlagUntilTimeout)
    [Anonymous Symbol]                       0x08002000   Section        0  stm32f1xx_hal_i2c.o(.text.I2C_WaitOnFlagUntilTimeout)
    I2C_WaitOnMasterAddressFlagUntilTimeout  0x080021cd   Thumb Code   214  stm32f1xx_hal_i2c.o(.text.I2C_WaitOnMasterAddressFlagUntilTimeout)
    [Anonymous Symbol]                       0x080021cc   Section        0  stm32f1xx_hal_i2c.o(.text.I2C_WaitOnMasterAddressFlagUntilTimeout)
    I2C_WaitOnTXEFlagUntilTimeout            0x080022a5   Thumb Code   186  stm32f1xx_hal_i2c.o(.text.I2C_WaitOnTXEFlagUntilTimeout)
    [Anonymous Symbol]                       0x080022a4   Section        0  stm32f1xx_hal_i2c.o(.text.I2C_WaitOnTXEFlagUntilTimeout)
    [Anonymous Symbol]                       0x08002360   Section        0  gpio.o(.text.MX_GPIO_Init)
    [Anonymous Symbol]                       0x08002440   Section        0  i2c.o(.text.MX_I2C1_Init)
    [Anonymous Symbol]                       0x08002484   Section        0  tim.o(.text.MX_TIM1_Init)
    [Anonymous Symbol]                       0x0800258c   Section        0  tim.o(.text.MX_TIM4_Init)
    [Anonymous Symbol]                       0x080025f4   Section        0  usart.o(.text.MX_USART1_UART_Init)
    [Anonymous Symbol]                       0x08002630   Section        0  stm32f1xx_it.o(.text.MemManage_Handler)
    [Anonymous Symbol]                       0x08002634   Section        0  stm32f1xx_it.o(.text.NMI_Handler)
    [Anonymous Symbol]                       0x08002638   Section        0  stm32f1xx_it.o(.text.PendSV_Handler)
    [Anonymous Symbol]                       0x0800263c   Section        0  main.o(.text.Process_Input_To_Events)
    [Anonymous Symbol]                       0x08002874   Section        0  stm32f1xx_it.o(.text.SVC_Handler)
    [Anonymous Symbol]                       0x08002878   Section        0  main.o(.text.Sync_App_To_Hardware)
    [Anonymous Symbol]                       0x08002a78   Section        0  stm32f1xx_it.o(.text.SysTick_Handler)
    [Anonymous Symbol]                       0x08002a7c   Section        0  system_stm32f1xx.o(.text.SystemInit)
    [Anonymous Symbol]                       0x08002a80   Section        0  tmc2209.o(.text.TMC2209_AttachPins)
    [Anonymous Symbol]                       0x08002aa4   Section        0  tmc2209.o(.text.TMC2209_EnableDriver)
    [Anonymous Symbol]                       0x08002ab8   Section        0  tmc2209.o(.text.TMC2209_Init)
    [Anonymous Symbol]                       0x08002ac8   Section        0  tmc2209.o(.text.TMC2209_SetCurrent)
    [Anonymous Symbol]                       0x08002b38   Section        0  tmc2209.o(.text.TMC2209_SetDirection)
    [Anonymous Symbol]                       0x08002b4c   Section        0  tmc2209.o(.text.TMC2209_UseUartForStepping)
    TMC2209_WriteRegister                    0x08002b5d   Thumb Code   876  tmc2209.o(.text.TMC2209_WriteRegister)
    [Anonymous Symbol]                       0x08002b5c   Section        0  tmc2209.o(.text.TMC2209_WriteRegister)
    [Anonymous Symbol]                       0x08002ec8   Section        0  interface.o(.text.UI_HandleEvent)
    [Anonymous Symbol]                       0x08002ff8   Section        0  interface.o(.text.UI_Init)
    [Anonymous Symbol]                       0x08003014   Section        0  interface.o(.text.UI_Refresh)
    [Anonymous Symbol]                       0x0800324c   Section        0  stm32f1xx_it.o(.text.UsageFault_Handler)
    [Anonymous Symbol]                       0x08003250   Section        0  i2c_lcd.o(.text.lcd_clear)
    [Anonymous Symbol]                       0x08003280   Section        0  i2c_lcd.o(.text.lcd_gotoxy)
    [Anonymous Symbol]                       0x080032e8   Section        0  i2c_lcd.o(.text.lcd_init)
    [Anonymous Symbol]                       0x080033f8   Section        0  i2c_lcd.o(.text.lcd_puts)
    [Anonymous Symbol]                       0x08003450   Section        0  main.o(.text.main)
    i._is_digit                              0x08003664   Section        0  __printf_wp.o(i._is_digit)
    x$fpl$fadd                               0x08003674   Section      196  faddsub_clz.o(x$fpl$fadd)
    _fadd1                                   0x08003683   Thumb Code     0  faddsub_clz.o(x$fpl$fadd)
    _fdiv1                                   0x08003739   Thumb Code     0  fdiv.o(x$fpl$fdiv)
    x$fpl$fdiv                               0x08003738   Section      388  fdiv.o(x$fpl$fdiv)
    x$fpl$ffix                               0x080038bc   Section       54  ffix.o(x$fpl$ffix)
    x$fpl$ffltu                              0x080038f4   Section       38  fflt_clz.o(x$fpl$ffltu)
    x$fpl$fmul                               0x0800391c   Section      258  fmul.o(x$fpl$fmul)
    x$fpl$fnaninf                            0x08003a1e   Section      140  fnaninf.o(x$fpl$fnaninf)
    x$fpl$fretinf                            0x08003aaa   Section       10  fretinf.o(x$fpl$fretinf)
    x$fpl$fsub                               0x08003ab4   Section      234  faddsub_clz.o(x$fpl$fsub)
    _fsub1                                   0x08003ac3   Thumb Code     0  faddsub_clz.o(x$fpl$fsub)
    x$fpl$usenofp                            0x08003b9e   Section        0  usenofp.o(x$fpl$usenofp)
    HAL_RCC_GetSysClockFreq.aPredivFactorTable 0x08003bb6   Data           2  stm32f1xx_hal_rcc.o(.rodata.HAL_RCC_GetSysClockFreq.aPredivFactorTable)
    [Anonymous Symbol]                       0x08003bb6   Section        0  stm32f1xx_hal_rcc.o(.rodata.HAL_RCC_GetSysClockFreq.aPredivFactorTable)
    HAL_RCC_GetSysClockFreq.aPLLMULFactorTable 0x08003bb8   Data          16  stm32f1xx_hal_rcc.o(.rodata.cst16)
    [Anonymous Symbol]                       0x08003bb8   Section        0  stm32f1xx_hal_rcc.o(.rodata.cst16)
    .L.str.12                                0x08003bc8   Data          19  interface.o(.rodata.str1.1)
    [Anonymous Symbol]                       0x08003bc8   Section        0  interface.o(.rodata.str1.1)
    .L.str.11                                0x08003bdb   Data          19  interface.o(.rodata.str1.1)
    .L.str.13                                0x08003c22   Data          15  interface.o(.rodata.str1.1)
    .L.str.15                                0x08003c31   Data          16  interface.o(.rodata.str1.1)
    .L_MergedGlobals                         0x20000000   Data           6  main.o(.data..L_MergedGlobals)
    last_screen_id                           0x20000000   Data           1  main.o(.data..L_MergedGlobals)
    [Anonymous Symbol]                       0x20000000   Section        0  main.o(.data..L_MergedGlobals)
    last_direction                           0x20000001   Data           1  main.o(.data..L_MergedGlobals)
    last_run_state                           0x20000002   Data           1  main.o(.data..L_MergedGlobals)
    last_microstep                           0x20000003   Data           1  main.o(.data..L_MergedGlobals)
    last_speed                               0x20000004   Data           2  main.o(.data..L_MergedGlobals)
    .L_MergedGlobals                         0x20000008   Data           8  stm32f1xx_hal.o(.data..L_MergedGlobals)
    [Anonymous Symbol]                       0x20000008   Section        0  stm32f1xx_hal.o(.data..L_MergedGlobals)
    .L_MergedGlobals                         0x20000010   Data          44  interface.o(.data..L_MergedGlobals)
    [Anonymous Symbol]                       0x20000010   Section        0  interface.o(.data..L_MergedGlobals)
    .bss                                     0x20000048   Section       96  libspace.o(.bss)
    .L_MergedGlobals.2                       0x200000a8   Data         100  main.o(.bss..L_MergedGlobals.2)
    [Anonymous Symbol]                       0x200000a8   Section        0  main.o(.bss..L_MergedGlobals.2)
    last_current                             0x200000ac   Data           2  main.o(.bss..L_MergedGlobals.2)
    main.led_timer                           0x200000b4   Data           4  main.o(.bss..L_MergedGlobals.2)
    Heap_Mem                                 0x20000240   Data         512  startup_stm32f103xb.o(HEAP)
    HEAP                                     0x20000240   Section      512  startup_stm32f103xb.o(HEAP)
    Stack_Mem                                0x20000440   Data        1024  startup_stm32f103xb.o(STACK)
    STACK                                    0x20000440   Section     1024  startup_stm32f103xb.o(STACK)
    __initial_sp                             0x20000840   Data           0  startup_stm32f103xb.o(STACK)

    Global Symbols

    Symbol Name                              Value     Ov Type        Size  Object(Section)

    BuildAttributes$$THM_ISAv4$P$D$K$B$S$PE$A:L22UL41UL21$X:L11$S22US41US21$IEEE1$IW$~IW$USESV6$~STKCKD$USESV7$~SHL$OTIME$ROPI$EBA8$UX$STANDARDLIB$REQ8$PRES8$EABIv2 0x00000000   Number         0  anon$$obj.o ABSOLUTE
    __fp_init_empty                          0x00000000   Number         0  fpinit_empty.o ABSOLUTE
    _printf_flags                            0x00000000   Number         0  printf_stubs.o ABSOLUTE
    _printf_return_value                     0x00000000   Number         0  printf_stubs.o ABSOLUTE
    _printf_sizespec                         0x00000000   Number         0  printf_stubs.o ABSOLUTE
    _printf_widthprec                        0x00000000   Number         0  printf_stubs.o ABSOLUTE
    __ARM_exceptions_init                     - Undefined Weak Reference
    __alloca_initialize                       - Undefined Weak Reference
    __arm_preinit_                            - Undefined Weak Reference
    __arm_relocate_pie_                       - Undefined Weak Reference
    __cpp_initialize__aeabi_                  - Undefined Weak Reference
    __cxa_finalize                            - Undefined Weak Reference
    __rt_locale                               - Undefined Weak Reference
    __sigvec_lookup                           - Undefined Weak Reference
    _atexit_init                              - Undefined Weak Reference
    _call_atexit_fns                          - Undefined Weak Reference
    _clock_init                               - Undefined Weak Reference
    _fp_trap_init                             - Undefined Weak Reference
    _fp_trap_shutdown                         - Undefined Weak Reference
    _get_lc_collate                           - Undefined Weak Reference
    _get_lc_ctype                             - Undefined Weak Reference
    _get_lc_monetary                          - Undefined Weak Reference
    _get_lc_numeric                           - Undefined Weak Reference
    _get_lc_time                              - Undefined Weak Reference
    _getenv_init                              - Undefined Weak Reference
    _handle_redirection                       - Undefined Weak Reference
    _init_alloc                               - Undefined Weak Reference
    _init_user_alloc                          - Undefined Weak Reference
    _initio                                   - Undefined Weak Reference
    _printf_mbtowc                            - Undefined Weak Reference
    _printf_truncate_signed                   - Undefined Weak Reference
    _printf_truncate_unsigned                 - Undefined Weak Reference
    _rand_init                                - Undefined Weak Reference
    _signal_finish                            - Undefined Weak Reference
    _signal_init                              - Undefined Weak Reference
    _terminate_alloc                          - Undefined Weak Reference
    _terminate_user_alloc                     - Undefined Weak Reference
    _terminateio                              - Undefined Weak Reference
    __Vectors_Size                           0x000000ec   Number         0  startup_stm32f103xb.o ABSOLUTE
    __Vectors                                0x08000000   Data           4  startup_stm32f103xb.o(RESET)
    __Vectors_End                            0x080000ec   Data           0  startup_stm32f103xb.o(RESET)
    __main                                   0x080000ed   Thumb Code     8  __main.o(!!!main)
    __scatterload                            0x080000f5   Thumb Code     0  __scatter.o(!!!scatter)
    __scatterload_rt2                        0x080000f5   Thumb Code    84  __scatter.o(!!!scatter)
    __scatterload_rt2_thumb_only             0x080000f5   Thumb Code     0  __scatter.o(!!!scatter)
    __scatterload_loop                       0x080000ff   Thumb Code     0  __scatter.o(!!!scatter)
    __scatterload_copy                       0x08000151   Thumb Code    26  __scatter_copy.o(!!handler_copy)
    __scatterload_null                       0x0800016d   Thumb Code     2  __scatter.o(!!handler_null)
    __scatterload_zeroinit                   0x08000171   Thumb Code    28  __scatter_zi.o(!!handler_zi)
    _printf_d                                0x0800018d   Thumb Code     0  _printf_d.o(.ARM.Collect$$_printf_percent$$00000009)
    _printf_percent                          0x0800018d   Thumb Code     0  _printf_percent.o(.ARM.Collect$$_printf_percent$$00000000)
    _printf_s                                0x08000193   Thumb Code     0  _printf_s.o(.ARM.Collect$$_printf_percent$$00000014)
    _printf_percent_end                      0x08000199   Thumb Code     0  _printf_percent_end.o(.ARM.Collect$$_printf_percent$$00000017)
    __rt_lib_init                            0x0800019d   Thumb Code     0  libinit.o(.ARM.Collect$$libinit$$00000000)
    __rt_lib_init_alloca_1                   0x0800019f   Thumb Code     0  libinit2.o(.ARM.Collect$$libinit$$00000030)
    __rt_lib_init_argv_1                     0x0800019f   Thumb Code     0  libinit2.o(.ARM.Collect$$libinit$$0000002E)
    __rt_lib_init_atexit_1                   0x0800019f   Thumb Code     0  libinit2.o(.ARM.Collect$$libinit$$0000001D)
    __rt_lib_init_clock_1                    0x0800019f   Thumb Code     0  libinit2.o(.ARM.Collect$$libinit$$00000023)
    __rt_lib_init_cpp_1                      0x0800019f   Thumb Code     0  libinit2.o(.ARM.Collect$$libinit$$00000034)
    __rt_lib_init_exceptions_1               0x0800019f   Thumb Code     0  libinit2.o(.ARM.Collect$$libinit$$00000032)
    __rt_lib_init_fp_1                       0x0800019f   Thumb Code     0  libinit2.o(.ARM.Collect$$libinit$$00000002)
    __rt_lib_init_fp_trap_1                  0x0800019f   Thumb Code     0  libinit2.o(.ARM.Collect$$libinit$$00000021)
    __rt_lib_init_getenv_1                   0x0800019f   Thumb Code     0  libinit2.o(.ARM.Collect$$libinit$$00000025)
    __rt_lib_init_heap_1                     0x0800019f   Thumb Code     0  libinit2.o(.ARM.Collect$$libinit$$0000000C)
    __rt_lib_init_lc_collate_1               0x0800019f   Thumb Code     0  libinit2.o(.ARM.Collect$$libinit$$00000013)
    __rt_lib_init_lc_ctype_1                 0x0800019f   Thumb Code     0  libinit2.o(.ARM.Collect$$libinit$$00000015)
    __rt_lib_init_lc_monetary_1              0x0800019f   Thumb Code     0  libinit2.o(.ARM.Collect$$libinit$$00000017)
    __rt_lib_init_lc_numeric_1               0x0800019f   Thumb Code     0  libinit2.o(.ARM.Collect$$libinit$$00000019)
    __rt_lib_init_lc_time_1                  0x0800019f   Thumb Code     0  libinit2.o(.ARM.Collect$$libinit$$0000001B)
    __rt_lib_init_preinit_1                  0x0800019f   Thumb Code     0  libinit2.o(.ARM.Collect$$libinit$$00000006)
    __rt_lib_init_rand_1                     0x0800019f   Thumb Code     0  libinit2.o(.ARM.Collect$$libinit$$00000010)
    __rt_lib_init_relocate_pie_1             0x0800019f   Thumb Code     0  libinit2.o(.ARM.Collect$$libinit$$00000004)
    __rt_lib_init_return                     0x0800019f   Thumb Code     0  libinit2.o(.ARM.Collect$$libinit$$00000035)
    __rt_lib_init_signal_1                   0x0800019f   Thumb Code     0  libinit2.o(.ARM.Collect$$libinit$$0000001F)
    __rt_lib_init_stdio_1                    0x0800019f   Thumb Code     0  libinit2.o(.ARM.Collect$$libinit$$00000027)
    __rt_lib_init_user_alloc_1               0x0800019f   Thumb Code     0  libinit2.o(.ARM.Collect$$libinit$$0000000E)
    __rt_lib_shutdown                        0x080001a1   Thumb Code     0  libshutdown.o(.ARM.Collect$$libshutdown$$00000000)
    __rt_lib_shutdown_cpp_1                  0x080001a3   Thumb Code     0  libshutdown2.o(.ARM.Collect$$libshutdown$$00000002)
    __rt_lib_shutdown_fp_trap_1              0x080001a3   Thumb Code     0  libshutdown2.o(.ARM.Collect$$libshutdown$$00000007)
    __rt_lib_shutdown_heap_1                 0x080001a3   Thumb Code     0  libshutdown2.o(.ARM.Collect$$libshutdown$$0000000F)
    __rt_lib_shutdown_return                 0x080001a3   Thumb Code     0  libshutdown2.o(.ARM.Collect$$libshutdown$$00000010)
    __rt_lib_shutdown_signal_1               0x080001a3   Thumb Code     0  libshutdown2.o(.ARM.Collect$$libshutdown$$0000000A)
    __rt_lib_shutdown_stdio_1                0x080001a3   Thumb Code     0  libshutdown2.o(.ARM.Collect$$libshutdown$$00000004)
    __rt_lib_shutdown_user_alloc_1           0x080001a3   Thumb Code     0  libshutdown2.o(.ARM.Collect$$libshutdown$$0000000C)
    __rt_entry                               0x080001a5   Thumb Code     0  __rtentry.o(.ARM.Collect$$rtentry$$00000000)
    __rt_entry_presh_1                       0x080001a5   Thumb Code     0  __rtentry2.o(.ARM.Collect$$rtentry$$00000002)
    __rt_entry_sh                            0x080001a5   Thumb Code     0  __rtentry4.o(.ARM.Collect$$rtentry$$00000004)
    __rt_entry_li                            0x080001ab   Thumb Code     0  __rtentry2.o(.ARM.Collect$$rtentry$$0000000A)
    __rt_entry_postsh_1                      0x080001ab   Thumb Code     0  __rtentry2.o(.ARM.Collect$$rtentry$$00000009)
    __rt_entry_main                          0x080001af   Thumb Code     0  __rtentry2.o(.ARM.Collect$$rtentry$$0000000D)
    __rt_entry_postli_1                      0x080001af   Thumb Code     0  __rtentry2.o(.ARM.Collect$$rtentry$$0000000C)
    __rt_exit                                0x080001b7   Thumb Code     0  rtexit.o(.ARM.Collect$$rtexit$$00000000)
    __rt_exit_ls                             0x080001b9   Thumb Code     0  rtexit2.o(.ARM.Collect$$rtexit$$00000003)
    __rt_exit_prels_1                        0x080001b9   Thumb Code     0  rtexit2.o(.ARM.Collect$$rtexit$$00000002)
    __rt_exit_exit                           0x080001bd   Thumb Code     0  rtexit2.o(.ARM.Collect$$rtexit$$00000004)
    Reset_Handler                            0x080001c5   Thumb Code     8  startup_stm32f103xb.o(.text)
    ADC1_2_IRQHandler                        0x080001df   Thumb Code     0  startup_stm32f103xb.o(.text)
    CAN1_RX1_IRQHandler                      0x080001df   Thumb Code     0  startup_stm32f103xb.o(.text)
    CAN1_SCE_IRQHandler                      0x080001df   Thumb Code     0  startup_stm32f103xb.o(.text)
    DMA1_Channel1_IRQHandler                 0x080001df   Thumb Code     0  startup_stm32f103xb.o(.text)
    DMA1_Channel2_IRQHandler                 0x080001df   Thumb Code     0  startup_stm32f103xb.o(.text)
    DMA1_Channel3_IRQHandler                 0x080001df   Thumb Code     0  startup_stm32f103xb.o(.text)
    DMA1_Channel4_IRQHandler                 0x080001df   Thumb Code     0  startup_stm32f103xb.o(.text)
    DMA1_Channel5_IRQHandler                 0x080001df   Thumb Code     0  startup_stm32f103xb.o(.text)
    DMA1_Channel6_IRQHandler                 0x080001df   Thumb Code     0  startup_stm32f103xb.o(.text)
    DMA1_Channel7_IRQHandler                 0x080001df   Thumb Code     0  startup_stm32f103xb.o(.text)
    EXTI0_IRQHandler                         0x080001df   Thumb Code     0  startup_stm32f103xb.o(.text)
    EXTI15_10_IRQHandler                     0x080001df   Thumb Code     0  startup_stm32f103xb.o(.text)
    EXTI1_IRQHandler                         0x080001df   Thumb Code     0  startup_stm32f103xb.o(.text)
    EXTI2_IRQHandler                         0x080001df   Thumb Code     0  startup_stm32f103xb.o(.text)
    EXTI3_IRQHandler                         0x080001df   Thumb Code     0  startup_stm32f103xb.o(.text)
    EXTI4_IRQHandler                         0x080001df   Thumb Code     0  startup_stm32f103xb.o(.text)
    FLASH_IRQHandler                         0x080001df   Thumb Code     0  startup_stm32f103xb.o(.text)
    I2C1_ER_IRQHandler                       0x080001df   Thumb Code     0  startup_stm32f103xb.o(.text)
    I2C1_EV_IRQHandler                       0x080001df   Thumb Code     0  startup_stm32f103xb.o(.text)
    I2C2_ER_IRQHandler                       0x080001df   Thumb Code     0  startup_stm32f103xb.o(.text)
    I2C2_EV_IRQHandler                       0x080001df   Thumb Code     0  startup_stm32f103xb.o(.text)
    PVD_IRQHandler                           0x080001df   Thumb Code     0  startup_stm32f103xb.o(.text)
    RCC_IRQHandler                           0x080001df   Thumb Code     0  startup_stm32f103xb.o(.text)
    RTC_Alarm_IRQHandler                     0x080001df   Thumb Code     0  startup_stm32f103xb.o(.text)
    RTC_IRQHandler                           0x080001df   Thumb Code     0  startup_stm32f103xb.o(.text)
    SPI1_IRQHandler                          0x080001df   Thumb Code     0  startup_stm32f103xb.o(.text)
    SPI2_IRQHandler                          0x080001df   Thumb Code     0  startup_stm32f103xb.o(.text)
    TAMPER_IRQHandler                        0x080001df   Thumb Code     0  startup_stm32f103xb.o(.text)
    TIM1_BRK_IRQHandler                      0x080001df   Thumb Code     0  startup_stm32f103xb.o(.text)
    TIM1_CC_IRQHandler                       0x080001df   Thumb Code     0  startup_stm32f103xb.o(.text)
    TIM1_TRG_COM_IRQHandler                  0x080001df   Thumb Code     0  startup_stm32f103xb.o(.text)
    TIM1_UP_IRQHandler                       0x080001df   Thumb Code     0  startup_stm32f103xb.o(.text)
    TIM2_IRQHandler                          0x080001df   Thumb Code     0  startup_stm32f103xb.o(.text)
    TIM3_IRQHandler                          0x080001df   Thumb Code     0  startup_stm32f103xb.o(.text)
    TIM4_IRQHandler                          0x080001df   Thumb Code     0  startup_stm32f103xb.o(.text)
    USART1_IRQHandler                        0x080001df   Thumb Code     0  startup_stm32f103xb.o(.text)
    USART2_IRQHandler                        0x080001df   Thumb Code     0  startup_stm32f103xb.o(.text)
    USART3_IRQHandler                        0x080001df   Thumb Code     0  startup_stm32f103xb.o(.text)
    USBWakeUp_IRQHandler                     0x080001df   Thumb Code     0  startup_stm32f103xb.o(.text)
    USB_HP_CAN1_TX_IRQHandler                0x080001df   Thumb Code     0  startup_stm32f103xb.o(.text)
    USB_LP_CAN1_RX0_IRQHandler               0x080001df   Thumb Code     0  startup_stm32f103xb.o(.text)
    WWDG_IRQHandler                          0x080001df   Thumb Code     0  startup_stm32f103xb.o(.text)
    __user_initial_stackheap                 0x080001e1   Thumb Code     0  startup_stm32f103xb.o(.text)
    __2sprintf                               0x08000205   Thumb Code    34  noretval__2sprintf.o(.text)
    _printf_pre_padding                      0x0800022d   Thumb Code    44  _printf_pad.o(.text)
    _printf_post_padding                     0x08000259   Thumb Code    34  _printf_pad.o(.text)
    _printf_str                              0x0800027b   Thumb Code    82  _printf_str.o(.text)
    _printf_int_dec                          0x080002cd   Thumb Code   104  _printf_dec.o(.text)
    __printf                                 0x08000345   Thumb Code   352  __printf_ss_wp.o(.text)
    __use_two_region_memory                  0x080004a5   Thumb Code     2  heapauxi.o(.text)
    __rt_heap_escrow$2region                 0x080004a7   Thumb Code     2  heapauxi.o(.text)
    __rt_heap_expand$2region                 0x080004a9   Thumb Code     2  heapauxi.o(.text)
    _printf_int_common                       0x080004ab   Thumb Code   178  _printf_intcommon.o(.text)
    _printf_char_common                      0x08000567   Thumb Code    32  _printf_char_common.o(.text)
    _sputc                                   0x0800058d   Thumb Code    10  _sputc.o(.text)
    _printf_cs_common                        0x08000597   Thumb Code    20  _printf_char.o(.text)
    _printf_char                             0x080005ab   Thumb Code    16  _printf_char.o(.text)
    _printf_string                           0x080005bb   Thumb Code     8  _printf_char.o(.text)
    __user_setup_stackheap                   0x080005c3   Thumb Code    74  sys_stackheap_outer.o(.text)
    exit                                     0x0800060d   Thumb Code    18  exit.o(.text)
    __user_libspace                          0x08000621   Thumb Code     8  libspace.o(.text)
    __user_perproc_libspace                  0x08000621   Thumb Code     0  libspace.o(.text)
    __user_perthread_libspace                0x08000621   Thumb Code     0  libspace.o(.text)
    _sys_exit                                0x08000629   Thumb Code     8  sys_exit.o(.text)
    __I$use$semihosting                      0x08000635   Thumb Code     0  use_no_semi.o(.text)
    __use_no_semihosting_swi                 0x08000635   Thumb Code     2  use_no_semi.o(.text)
    __semihosting_library_function           0x08000637   Thumb Code     0  indicate_semi.o(.text)
    BusFault_Handler                         0x08000639   Thumb Code     2  stm32f1xx_it.o(.text.BusFault_Handler)
    DebugMon_Handler                         0x0800063d   Thumb Code     2  stm32f1xx_it.o(.text.DebugMon_Handler)
    ENC_GetCounter                           0x08000641   Thumb Code    10  encoder.o(.text.ENC_GetCounter)
    ENC_Init                                 0x0800064d   Thumb Code    18  encoder.o(.text.ENC_Init)
    ENC_IsBtnPressed                         0x08000661   Thumb Code    20  encoder.o(.text.ENC_IsBtnPressed)
    EXTI9_5_IRQHandler                       0x08000675   Thumb Code     6  stm32f1xx_it.o(.text.EXTI9_5_IRQHandler)
    Error_Handler                            0x0800067d   Thumb Code    10  main.o(.text.Error_Handler)
    HAL_Delay                                0x08000689   Thumb Code    40  stm32f1xx_hal.o(.text.HAL_Delay)
    HAL_GPIO_EXTI_Callback                   0x080006b1   Thumb Code     2  stm32f1xx_hal_gpio.o(.text.HAL_GPIO_EXTI_Callback)
    HAL_GPIO_EXTI_IRQHandler                 0x080006b5   Thumb Code    22  stm32f1xx_hal_gpio.o(.text.HAL_GPIO_EXTI_IRQHandler)
    HAL_GPIO_Init                            0x080006cd   Thumb Code   526  stm32f1xx_hal_gpio.o(.text.HAL_GPIO_Init)
    HAL_GPIO_ReadPin                         0x080008dd   Thumb Code    10  stm32f1xx_hal_gpio.o(.text.HAL_GPIO_ReadPin)
    HAL_GPIO_TogglePin                       0x080008e9   Thumb Code    16  stm32f1xx_hal_gpio.o(.text.HAL_GPIO_TogglePin)
    HAL_GPIO_WritePin                        0x080008f9   Thumb Code    10  stm32f1xx_hal_gpio.o(.text.HAL_GPIO_WritePin)
    HAL_GetTick                              0x08000905   Thumb Code    12  stm32f1xx_hal.o(.text.HAL_GetTick)
    HAL_I2C_Init                             0x08000911   Thumb Code   356  stm32f1xx_hal_i2c.o(.text.HAL_I2C_Init)
    HAL_I2C_Master_Transmit                  0x08000a75   Thumb Code   476  stm32f1xx_hal_i2c.o(.text.HAL_I2C_Master_Transmit)
    HAL_I2C_MspInit                          0x08000c51   Thumb Code   130  i2c.o(.text.HAL_I2C_MspInit)
    HAL_IncTick                              0x08000cd5   Thumb Code    26  stm32f1xx_hal.o(.text.HAL_IncTick)
    HAL_Init                                 0x08000cf1   Thumb Code    38  stm32f1xx_hal.o(.text.HAL_Init)
    HAL_InitTick                             0x08000d19   Thumb Code    72  stm32f1xx_hal.o(.text.HAL_InitTick)
    HAL_MspInit                              0x08000d61   Thumb Code    66  stm32f1xx_hal_msp.o(.text.HAL_MspInit)
    HAL_NVIC_EnableIRQ                       0x08000da5   Thumb Code    34  stm32f1xx_hal_cortex.o(.text.HAL_NVIC_EnableIRQ)
    HAL_NVIC_SetPriority                     0x08000dc9   Thumb Code    86  stm32f1xx_hal_cortex.o(.text.HAL_NVIC_SetPriority)
    HAL_NVIC_SetPriorityGrouping             0x08000e21   Thumb Code    32  stm32f1xx_hal_cortex.o(.text.HAL_NVIC_SetPriorityGrouping)
    HAL_RCC_ClockConfig                      0x08000e41   Thumb Code   442  stm32f1xx_hal_rcc.o(.text.HAL_RCC_ClockConfig)
    HAL_RCC_GetPCLK1Freq                     0x08000ffd   Thumb Code    38  stm32f1xx_hal_rcc.o(.text.HAL_RCC_GetPCLK1Freq)
    HAL_RCC_GetPCLK2Freq                     0x08001025   Thumb Code    38  stm32f1xx_hal_rcc.o(.text.HAL_RCC_GetPCLK2Freq)
    HAL_RCC_OscConfig                        0x0800104d   Thumb Code  1024  stm32f1xx_hal_rcc.o(.text.HAL_RCC_OscConfig)
    HAL_SYSTICK_Config                       0x0800144d   Thumb Code    44  stm32f1xx_hal_cortex.o(.text.HAL_SYSTICK_Config)
    HAL_TIMEx_ConfigBreakDeadTime            0x08001479   Thumb Code    76  stm32f1xx_hal_tim_ex.o(.text.HAL_TIMEx_ConfigBreakDeadTime)
    HAL_TIMEx_MasterConfigSynchronization    0x080014c5   Thumb Code   126  stm32f1xx_hal_tim_ex.o(.text.HAL_TIMEx_MasterConfigSynchronization)
    HAL_TIMEx_PWMN_Start                     0x08001545   Thumb Code   194  stm32f1xx_hal_tim_ex.o(.text.HAL_TIMEx_PWMN_Start)
    HAL_TIMEx_PWMN_Stop                      0x08001609   Thumb Code   146  stm32f1xx_hal_tim_ex.o(.text.HAL_TIMEx_PWMN_Stop)
    HAL_TIM_Encoder_Init                     0x0800169d   Thumb Code   346  stm32f1xx_hal_tim.o(.text.HAL_TIM_Encoder_Init)
    HAL_TIM_Encoder_MspInit                  0x080017f9   Thumb Code    98  tim.o(.text.HAL_TIM_Encoder_MspInit)
    HAL_TIM_Encoder_Start                    0x0800185d   Thumb Code   188  stm32f1xx_hal_tim.o(.text.HAL_TIM_Encoder_Start)
    HAL_TIM_PWM_ConfigChannel                0x08001919   Thumb Code   516  stm32f1xx_hal_tim.o(.text.HAL_TIM_PWM_ConfigChannel)
    HAL_TIM_PWM_Init                         0x08001b1d   Thumb Code   250  stm32f1xx_hal_tim.o(.text.HAL_TIM_PWM_Init)
    HAL_TIM_PWM_MspInit                      0x08001c19   Thumb Code    48  tim.o(.text.HAL_TIM_PWM_MspInit)
    HAL_UART_Init                            0x08001c49   Thumb Code   226  stm32f1xx_hal_uart.o(.text.HAL_UART_Init)
    HAL_UART_MspInit                         0x08001d2d   Thumb Code   126  usart.o(.text.HAL_UART_MspInit)
    HAL_UART_Transmit                        0x08001dad   Thumb Code   402  stm32f1xx_hal_uart.o(.text.HAL_UART_Transmit)
    HardFault_Handler                        0x08001f41   Thumb Code     2  stm32f1xx_it.o(.text.HardFault_Handler)
    MX_GPIO_Init                             0x08002361   Thumb Code   224  gpio.o(.text.MX_GPIO_Init)
    MX_I2C1_Init                             0x08002441   Thumb Code    66  i2c.o(.text.MX_I2C1_Init)
    MX_TIM1_Init                             0x08002485   Thumb Code   264  tim.o(.text.MX_TIM1_Init)
    MX_TIM4_Init                             0x0800258d   Thumb Code   104  tim.o(.text.MX_TIM4_Init)
    MX_USART1_UART_Init                      0x080025f5   Thumb Code    60  usart.o(.text.MX_USART1_UART_Init)
    MemManage_Handler                        0x08002631   Thumb Code     2  stm32f1xx_it.o(.text.MemManage_Handler)
    NMI_Handler                              0x08002635   Thumb Code     2  stm32f1xx_it.o(.text.NMI_Handler)
    PendSV_Handler                           0x08002639   Thumb Code     2  stm32f1xx_it.o(.text.PendSV_Handler)
    Process_Input_To_Events                  0x0800263d   Thumb Code   566  main.o(.text.Process_Input_To_Events)
    SVC_Handler                              0x08002875   Thumb Code     2  stm32f1xx_it.o(.text.SVC_Handler)
    Sync_App_To_Hardware                     0x08002879   Thumb Code   510  main.o(.text.Sync_App_To_Hardware)
    SysTick_Handler                          0x08002a79   Thumb Code     4  stm32f1xx_it.o(.text.SysTick_Handler)
    SystemInit                               0x08002a7d   Thumb Code     2  system_stm32f1xx.o(.text.SystemInit)
    TMC2209_AttachPins                       0x08002a81   Thumb Code    36  tmc2209.o(.text.TMC2209_AttachPins)
    TMC2209_EnableDriver                     0x08002aa5   Thumb Code    18  tmc2209.o(.text.TMC2209_EnableDriver)
    TMC2209_Init                             0x08002ab9   Thumb Code    14  tmc2209.o(.text.TMC2209_Init)
    TMC2209_SetCurrent                       0x08002ac9   Thumb Code   110  tmc2209.o(.text.TMC2209_SetCurrent)
    TMC2209_SetDirection                     0x08002b39   Thumb Code    20  tmc2209.o(.text.TMC2209_SetDirection)
    TMC2209_UseUartForStepping               0x08002b4d   Thumb Code    16  tmc2209.o(.text.TMC2209_UseUartForStepping)
    UI_HandleEvent                           0x08002ec9   Thumb Code   304  interface.o(.text.UI_HandleEvent)
    UI_Init                                  0x08002ff9   Thumb Code    28  interface.o(.text.UI_Init)
    UI_Refresh                               0x08003015   Thumb Code   408  interface.o(.text.UI_Refresh)
    UsageFault_Handler                       0x0800324d   Thumb Code     2  stm32f1xx_it.o(.text.UsageFault_Handler)
    lcd_clear                                0x08003251   Thumb Code    46  i2c_lcd.o(.text.lcd_clear)
    lcd_gotoxy                               0x08003281   Thumb Code   104  i2c_lcd.o(.text.lcd_gotoxy)
    lcd_init                                 0x080032e9   Thumb Code   270  i2c_lcd.o(.text.lcd_init)
    lcd_puts                                 0x080033f9   Thumb Code    86  i2c_lcd.o(.text.lcd_puts)
    main                                     0x08003451   Thumb Code   496  main.o(.text.main)
    _is_digit                                0x08003665   Thumb Code    14  __printf_wp.o(i._is_digit)
    __aeabi_fadd                             0x08003675   Thumb Code     0  faddsub_clz.o(x$fpl$fadd)
    _fadd                                    0x08003675   Thumb Code   196  faddsub_clz.o(x$fpl$fadd)
    __aeabi_fdiv                             0x08003739   Thumb Code     0  fdiv.o(x$fpl$fdiv)
    _fdiv                                    0x08003739   Thumb Code   384  fdiv.o(x$fpl$fdiv)
    __aeabi_f2iz                             0x080038bd   Thumb Code     0  ffix.o(x$fpl$ffix)
    _ffix                                    0x080038bd   Thumb Code    54  ffix.o(x$fpl$ffix)
    __aeabi_ui2f                             0x080038f5   Thumb Code     0  fflt_clz.o(x$fpl$ffltu)
    _ffltu                                   0x080038f5   Thumb Code    38  fflt_clz.o(x$fpl$ffltu)
    __aeabi_fmul                             0x0800391d   Thumb Code     0  fmul.o(x$fpl$fmul)
    _fmul                                    0x0800391d   Thumb Code   258  fmul.o(x$fpl$fmul)
    __fpl_fnaninf                            0x08003a1f   Thumb Code   140  fnaninf.o(x$fpl$fnaninf)
    __fpl_fretinf                            0x08003aab   Thumb Code    10  fretinf.o(x$fpl$fretinf)
    __aeabi_fsub                             0x08003ab5   Thumb Code     0  faddsub_clz.o(x$fpl$fsub)
    _fsub                                    0x08003ab5   Thumb Code   234  faddsub_clz.o(x$fpl$fsub)
    AHBPrescTable                            0x08003b9e   Data          16  system_stm32f1xx.o(.rodata.AHBPrescTable)
    __I$use$fp                               0x08003b9e   Number         0  usenofp.o(x$fpl$usenofp)
    APBPrescTable                            0x08003bae   Data           8  system_stm32f1xx.o(.rodata.APBPrescTable)
    Region$$Table$$Base                      0x08003c80   Number         0  anon$$obj.o(Region$$Table)
    Region$$Table$$Limit                     0x08003ca0   Number         0  anon$$obj.o(Region$$Table)
    uwTickFreq                               0x20000008   Data           1  stm32f1xx_hal.o(.data..L_MergedGlobals)
    uwTickPrio                               0x2000000c   Data           4  stm32f1xx_hal.o(.data..L_MergedGlobals)
    DIR_STR                                  0x20000010   Data           8  interface.o(.data..L_MergedGlobals)
    MICROSTEP_STR                            0x20000018   Data          16  interface.o(.data..L_MergedGlobals)
    MENU_ITEMS                               0x20000028   Data          20  interface.o(.data..L_MergedGlobals)
    SystemCoreClock                          0x2000003c   Data           4  system_stm32f1xx.o(.data.SystemCoreClock)
    btn_back_last_state                      0x20000040   Data           1  main.o(.data.btn_back_last_state)
    __libspace_start                         0x20000048   Data          96  libspace.o(.bss)
    __temporary_stack_top$libspace           0x200000a8   Data           0  libspace.o(.bss)
    btn_holding                              0x200000a8   Data           1  main.o(.bss..L_MergedGlobals.2)
    old_enc_counter                          0x200000aa   Data           2  main.o(.bss..L_MergedGlobals.2)
    btn_press_start_tick                     0x200000b0   Data           4  main.o(.bss..L_MergedGlobals.2)
    my_lcd                                   0x200000b8   Data           8  main.o(.bss..L_MergedGlobals.2)
    my_encoder                               0x200000c0   Data          12  main.o(.bss..L_MergedGlobals.2)
    my_app                                   0x200000cc   Data          24  main.o(.bss..L_MergedGlobals.2)
    my_tmc                                   0x200000e4   Data          40  main.o(.bss..L_MergedGlobals.2)
    hi2c1                                    0x2000010c   Data          84  i2c.o(.bss.hi2c1)
    htim1                                    0x20000160   Data          72  tim.o(.bss.htim1)
    htim4                                    0x200001a8   Data          72  tim.o(.bss.htim4)
    huart1                                   0x200001f0   Data          72  usart.o(.bss.huart1)
    uwTick                                   0x20000238   Data           4  stm32f1xx_hal.o(.bss.uwTick)



==============================================================================

Memory Map of the image

  Image Entry point : 0x080000ed

  Load Region LR_IROM1 (Base: 0x08000000, Size: 0x00003ce8, Max: 0x00010000, ABSOLUTE)

    Execution Region ER_IROM1 (Exec base: 0x08000000, Load base: 0x08000000, Size: 0x00003ca0, Max: 0x00010000, ABSOLUTE)

    Exec Addr    Load Addr    Size         Type   Attr      Idx    E Section Name        Object

    0x08000000   0x08000000   0x000000ec   Data   RO            3    RESET               startup_stm32f103xb.o
    0x080000ec   0x080000ec   0x00000008   Code   RO         1201  * !!!main             c_w.l(__main.o)
    0x080000f4   0x080000f4   0x0000005c   Code   RO         1404    !!!scatter          c_w.l(__scatter.o)
    0x08000150   0x08000150   0x0000001a   Code   RO         1408    !!handler_copy      c_w.l(__scatter_copy.o)
    0x0800016a   0x0800016a   0x00000002   PAD
    0x0800016c   0x0800016c   0x00000002   Code   RO         1405    !!handler_null      c_w.l(__scatter.o)
    0x0800016e   0x0800016e   0x00000002   PAD
    0x08000170   0x08000170   0x0000001c   Code   RO         1410    !!handler_zi        c_w.l(__scatter_zi.o)
    0x0800018c   0x0800018c   0x00000000   Code   RO         1198    .ARM.Collect$$_printf_percent$$00000000  c_w.l(_printf_percent.o)
    0x0800018c   0x0800018c   0x00000006   Code   RO         1197    .ARM.Collect$$_printf_percent$$00000009  c_w.l(_printf_d.o)
    0x08000192   0x08000192   0x00000006   Code   RO         1196    .ARM.Collect$$_printf_percent$$00000014  c_w.l(_printf_s.o)
    0x08000198   0x08000198   0x00000004   Code   RO         1234    .ARM.Collect$$_printf_percent$$00000017  c_w.l(_printf_percent_end.o)
    0x0800019c   0x0800019c   0x00000002   Code   RO         1266    .ARM.Collect$$libinit$$00000000  c_w.l(libinit.o)
    0x0800019e   0x0800019e   0x00000000   Code   RO         1273    .ARM.Collect$$libinit$$00000002  c_w.l(libinit2.o)
    0x0800019e   0x0800019e   0x00000000   Code   RO         1275    .ARM.Collect$$libinit$$00000004  c_w.l(libinit2.o)
    0x0800019e   0x0800019e   0x00000000   Code   RO         1277    .ARM.Collect$$libinit$$00000006  c_w.l(libinit2.o)
    0x0800019e   0x0800019e   0x00000000   Code   RO         1280    .ARM.Collect$$libinit$$0000000C  c_w.l(libinit2.o)
    0x0800019e   0x0800019e   0x00000000   Code   RO         1282    .ARM.Collect$$libinit$$0000000E  c_w.l(libinit2.o)
    0x0800019e   0x0800019e   0x00000000   Code   RO         1284    .ARM.Collect$$libinit$$00000010  c_w.l(libinit2.o)
    0x0800019e   0x0800019e   0x00000000   Code   RO         1287    .ARM.Collect$$libinit$$00000013  c_w.l(libinit2.o)
    0x0800019e   0x0800019e   0x00000000   Code   RO         1289    .ARM.Collect$$libinit$$00000015  c_w.l(libinit2.o)
    0x0800019e   0x0800019e   0x00000000   Code   RO         1291    .ARM.Collect$$libinit$$00000017  c_w.l(libinit2.o)
    0x0800019e   0x0800019e   0x00000000   Code   RO         1293    .ARM.Collect$$libinit$$00000019  c_w.l(libinit2.o)
    0x0800019e   0x0800019e   0x00000000   Code   RO         1295    .ARM.Collect$$libinit$$0000001B  c_w.l(libinit2.o)
    0x0800019e   0x0800019e   0x00000000   Code   RO         1297    .ARM.Collect$$libinit$$0000001D  c_w.l(libinit2.o)
    0x0800019e   0x0800019e   0x00000000   Code   RO         1299    .ARM.Collect$$libinit$$0000001F  c_w.l(libinit2.o)
    0x0800019e   0x0800019e   0x00000000   Code   RO         1301    .ARM.Collect$$libinit$$00000021  c_w.l(libinit2.o)
    0x0800019e   0x0800019e   0x00000000   Code   RO         1303    .ARM.Collect$$libinit$$00000023  c_w.l(libinit2.o)
    0x0800019e   0x0800019e   0x00000000   Code   RO         1305    .ARM.Collect$$libinit$$00000025  c_w.l(libinit2.o)
    0x0800019e   0x0800019e   0x00000000   Code   RO         1307    .ARM.Collect$$libinit$$00000027  c_w.l(libinit2.o)
    0x0800019e   0x0800019e   0x00000000   Code   RO         1311    .ARM.Collect$$libinit$$0000002E  c_w.l(libinit2.o)
    0x0800019e   0x0800019e   0x00000000   Code   RO         1313    .ARM.Collect$$libinit$$00000030  c_w.l(libinit2.o)
    0x0800019e   0x0800019e   0x00000000   Code   RO         1315    .ARM.Collect$$libinit$$00000032  c_w.l(libinit2.o)
    0x0800019e   0x0800019e   0x00000000   Code   RO         1317    .ARM.Collect$$libinit$$00000034  c_w.l(libinit2.o)
    0x0800019e   0x0800019e   0x00000002   Code   RO         1318    .ARM.Collect$$libinit$$00000035  c_w.l(libinit2.o)
    0x080001a0   0x080001a0   0x00000002   Code   RO         1340    .ARM.Collect$$libshutdown$$00000000  c_w.l(libshutdown.o)
    0x080001a2   0x080001a2   0x00000000   Code   RO         1355    .ARM.Collect$$libshutdown$$00000002  c_w.l(libshutdown2.o)
    0x080001a2   0x080001a2   0x00000000   Code   RO         1357    .ARM.Collect$$libshutdown$$00000004  c_w.l(libshutdown2.o)
    0x080001a2   0x080001a2   0x00000000   Code   RO         1360    .ARM.Collect$$libshutdown$$00000007  c_w.l(libshutdown2.o)
    0x080001a2   0x080001a2   0x00000000   Code   RO         1363    .ARM.Collect$$libshutdown$$0000000A  c_w.l(libshutdown2.o)
    0x080001a2   0x080001a2   0x00000000   Code   RO         1365    .ARM.Collect$$libshutdown$$0000000C  c_w.l(libshutdown2.o)
    0x080001a2   0x080001a2   0x00000000   Code   RO         1368    .ARM.Collect$$libshutdown$$0000000F  c_w.l(libshutdown2.o)
    0x080001a2   0x080001a2   0x00000002   Code   RO         1369    .ARM.Collect$$libshutdown$$00000010  c_w.l(libshutdown2.o)
    0x080001a4   0x080001a4   0x00000000   Code   RO         1225    .ARM.Collect$$rtentry$$00000000  c_w.l(__rtentry.o)
    0x080001a4   0x080001a4   0x00000000   Code   RO         1241    .ARM.Collect$$rtentry$$00000002  c_w.l(__rtentry2.o)
    0x080001a4   0x080001a4   0x00000006   Code   RO         1253    .ARM.Collect$$rtentry$$00000004  c_w.l(__rtentry4.o)
    0x080001aa   0x080001aa   0x00000000   Code   RO         1243    .ARM.Collect$$rtentry$$00000009  c_w.l(__rtentry2.o)
    0x080001aa   0x080001aa   0x00000004   Code   RO         1244    .ARM.Collect$$rtentry$$0000000A  c_w.l(__rtentry2.o)
    0x080001ae   0x080001ae   0x00000000   Code   RO         1246    .ARM.Collect$$rtentry$$0000000C  c_w.l(__rtentry2.o)
    0x080001ae   0x080001ae   0x00000008   Code   RO         1247    .ARM.Collect$$rtentry$$0000000D  c_w.l(__rtentry2.o)
    0x080001b6   0x080001b6   0x00000002   Code   RO         1270    .ARM.Collect$$rtexit$$00000000  c_w.l(rtexit.o)
    0x080001b8   0x080001b8   0x00000000   Code   RO         1320    .ARM.Collect$$rtexit$$00000002  c_w.l(rtexit2.o)
    0x080001b8   0x080001b8   0x00000004   Code   RO         1321    .ARM.Collect$$rtexit$$00000003  c_w.l(rtexit2.o)
    0x080001bc   0x080001bc   0x00000006   Code   RO         1322    .ARM.Collect$$rtexit$$00000004  c_w.l(rtexit2.o)
    0x080001c2   0x080001c2   0x00000002   PAD
    0x080001c4   0x080001c4   0x00000040   Code   RO            4    .text               startup_stm32f103xb.o
    0x08000204   0x08000204   0x00000028   Code   RO         1166    .text               c_w.l(noretval__2sprintf.o)
    0x0800022c   0x0800022c   0x0000004e   Code   RO         1170    .text               c_w.l(_printf_pad.o)
    0x0800027a   0x0800027a   0x00000052   Code   RO         1172    .text               c_w.l(_printf_str.o)
    0x080002cc   0x080002cc   0x00000078   Code   RO         1174    .text               c_w.l(_printf_dec.o)
    0x08000344   0x08000344   0x00000160   Code   RO         1191    .text               c_w.l(__printf_ss_wp.o)
    0x080004a4   0x080004a4   0x00000006   Code   RO         1199    .text               c_w.l(heapauxi.o)
    0x080004aa   0x080004aa   0x000000b2   Code   RO         1226    .text               c_w.l(_printf_intcommon.o)
    0x0800055c   0x0800055c   0x00000030   Code   RO         1228    .text               c_w.l(_printf_char_common.o)
    0x0800058c   0x0800058c   0x0000000a   Code   RO         1230    .text               c_w.l(_sputc.o)
    0x08000596   0x08000596   0x0000002c   Code   RO         1232    .text               c_w.l(_printf_char.o)
    0x080005c2   0x080005c2   0x0000004a   Code   RO         1257    .text               c_w.l(sys_stackheap_outer.o)
    0x0800060c   0x0800060c   0x00000012   Code   RO         1259    .text               c_w.l(exit.o)
    0x0800061e   0x0800061e   0x00000002   PAD
    0x08000620   0x08000620   0x00000008   Code   RO         1267    .text               c_w.l(libspace.o)
    0x08000628   0x08000628   0x0000000c   Code   RO         1330    .text               c_w.l(sys_exit.o)
    0x08000634   0x08000634   0x00000002   Code   RO         1345    .text               c_w.l(use_no_semi.o)
    0x08000636   0x08000636   0x00000000   Code   RO         1347    .text               c_w.l(indicate_semi.o)
    0x08000636   0x08000636   0x00000002   PAD
    0x08000638   0x08000638   0x00000002   Code   RO          114    .text.BusFault_Handler  stm32f1xx_it.o
    0x0800063a   0x0800063a   0x00000002   PAD
    0x0800063c   0x0800063c   0x00000002   Code   RO          120    .text.DebugMon_Handler  stm32f1xx_it.o
    0x0800063e   0x0800063e   0x00000002   PAD
    0x08000640   0x08000640   0x0000000a   Code   RO         1107    .text.ENC_GetCounter  encoder.o
    0x0800064a   0x0800064a   0x00000002   PAD
    0x0800064c   0x0800064c   0x00000012   Code   RO         1105    .text.ENC_Init      encoder.o
    0x0800065e   0x0800065e   0x00000002   PAD
    0x08000660   0x08000660   0x00000014   Code   RO         1109    .text.ENC_IsBtnPressed  encoder.o
    0x08000674   0x08000674   0x00000006   Code   RO          126    .text.EXTI9_5_IRQHandler  stm32f1xx_it.o
    0x0800067a   0x0800067a   0x00000002   PAD
    0x0800067c   0x0800067c   0x0000000a   Code   RO           31    .text.Error_Handler  main.o
    0x08000686   0x08000686   0x00000002   PAD
    0x08000688   0x08000688   0x00000028   Code   RO          316    .text.HAL_Delay     stm32f1xx_hal.o
    0x080006b0   0x080006b0   0x00000002   Code   RO          422    .text.HAL_GPIO_EXTI_Callback  stm32f1xx_hal_gpio.o
    0x080006b2   0x080006b2   0x00000002   PAD
    0x080006b4   0x080006b4   0x00000016   Code   RO          420    .text.HAL_GPIO_EXTI_IRQHandler  stm32f1xx_hal_gpio.o
    0x080006ca   0x080006ca   0x00000002   PAD
    0x080006cc   0x080006cc   0x0000020e   Code   RO          408    .text.HAL_GPIO_Init  stm32f1xx_hal_gpio.o
    0x080008da   0x080008da   0x00000002   PAD
    0x080008dc   0x080008dc   0x0000000a   Code   RO          412    .text.HAL_GPIO_ReadPin  stm32f1xx_hal_gpio.o
    0x080008e6   0x080008e6   0x00000002   PAD
    0x080008e8   0x080008e8   0x00000010   Code   RO          416    .text.HAL_GPIO_TogglePin  stm32f1xx_hal_gpio.o
    0x080008f8   0x080008f8   0x0000000a   Code   RO          414    .text.HAL_GPIO_WritePin  stm32f1xx_hal_gpio.o
    0x08000902   0x08000902   0x00000002   PAD
    0x08000904   0x08000904   0x0000000c   Code   RO          308    .text.HAL_GetTick   stm32f1xx_hal.o
    0x08000910   0x08000910   0x00000164   Code   RO          158    .text.HAL_I2C_Init  stm32f1xx_hal_i2c.o
    0x08000a74   0x08000a74   0x000001dc   Code   RO          166    .text.HAL_I2C_Master_Transmit  stm32f1xx_hal_i2c.o
    0x08000c50   0x08000c50   0x00000082   Code   RO           56    .text.HAL_I2C_MspInit  i2c.o
    0x08000cd2   0x08000cd2   0x00000002   PAD
    0x08000cd4   0x08000cd4   0x0000001a   Code   RO          306    .text.HAL_IncTick   stm32f1xx_hal.o
    0x08000cee   0x08000cee   0x00000002   PAD
    0x08000cf0   0x08000cf0   0x00000026   Code   RO          296    .text.HAL_Init      stm32f1xx_hal.o
    0x08000d16   0x08000d16   0x00000002   PAD
    0x08000d18   0x08000d18   0x00000048   Code   RO          298    .text.HAL_InitTick  stm32f1xx_hal.o
    0x08000d60   0x08000d60   0x00000042   Code   RO          135    .text.HAL_MspInit   stm32f1xx_hal_msp.o
    0x08000da2   0x08000da2   0x00000002   PAD
    0x08000da4   0x08000da4   0x00000022   Code   RO          468    .text.HAL_NVIC_EnableIRQ  stm32f1xx_hal_cortex.o
    0x08000dc6   0x08000dc6   0x00000002   PAD
    0x08000dc8   0x08000dc8   0x00000056   Code   RO          466    .text.HAL_NVIC_SetPriority  stm32f1xx_hal_cortex.o
    0x08000e1e   0x08000e1e   0x00000002   PAD
    0x08000e20   0x08000e20   0x00000020   Code   RO          464    .text.HAL_NVIC_SetPriorityGrouping  stm32f1xx_hal_cortex.o
    0x08000e40   0x08000e40   0x000001ba   Code   RO          360    .text.HAL_RCC_ClockConfig  stm32f1xx_hal_rcc.o
    0x08000ffa   0x08000ffa   0x00000002   PAD
    0x08000ffc   0x08000ffc   0x00000026   Code   RO          372    .text.HAL_RCC_GetPCLK1Freq  stm32f1xx_hal_rcc.o
    0x08001022   0x08001022   0x00000002   PAD
    0x08001024   0x08001024   0x00000026   Code   RO          374    .text.HAL_RCC_GetPCLK2Freq  stm32f1xx_hal_rcc.o
    0x0800104a   0x0800104a   0x00000002   PAD
    0x0800104c   0x0800104c   0x00000400   Code   RO          358    .text.HAL_RCC_OscConfig  stm32f1xx_hal_rcc.o
    0x0800144c   0x0800144c   0x0000002c   Code   RO          476    .text.HAL_SYSTICK_Config  stm32f1xx_hal_cortex.o
    0x08001478   0x08001478   0x0000004c   Code   RO          926    .text.HAL_TIMEx_ConfigBreakDeadTime  stm32f1xx_hal_tim_ex.o
    0x080014c4   0x080014c4   0x0000007e   Code   RO          924    .text.HAL_TIMEx_MasterConfigSynchronization  stm32f1xx_hal_tim_ex.o
    0x08001542   0x08001542   0x00000002   PAD
    0x08001544   0x08001544   0x000000c2   Code   RO          894    .text.HAL_TIMEx_PWMN_Start  stm32f1xx_hal_tim_ex.o
    0x08001606   0x08001606   0x00000002   PAD
    0x08001608   0x08001608   0x00000092   Code   RO          896    .text.HAL_TIMEx_PWMN_Stop  stm32f1xx_hal_tim_ex.o
    0x0800169a   0x0800169a   0x00000002   PAD
    0x0800169c   0x0800169c   0x0000015a   Code   RO          743    .text.HAL_TIM_Encoder_Init  stm32f1xx_hal_tim.o
    0x080017f6   0x080017f6   0x00000002   PAD
    0x080017f8   0x080017f8   0x00000062   Code   RO           77    .text.HAL_TIM_Encoder_MspInit  tim.o
    0x0800185a   0x0800185a   0x00000002   PAD
    0x0800185c   0x0800185c   0x000000bc   Code   RO          751    .text.HAL_TIM_Encoder_Start  stm32f1xx_hal_tim.o
    0x08001918   0x08001918   0x00000204   Code   RO          783    .text.HAL_TIM_PWM_ConfigChannel  stm32f1xx_hal_tim.o
    0x08001b1c   0x08001b1c   0x000000fa   Code   RO          683    .text.HAL_TIM_PWM_Init  stm32f1xx_hal_tim.o
    0x08001c16   0x08001c16   0x00000002   PAD
    0x08001c18   0x08001c18   0x00000030   Code   RO           75    .text.HAL_TIM_PWM_MspInit  tim.o
    0x08001c48   0x08001c48   0x000000e2   Code   RO          948    .text.HAL_UART_Init  stm32f1xx_hal_uart.o
    0x08001d2a   0x08001d2a   0x00000002   PAD
    0x08001d2c   0x08001d2c   0x0000007e   Code   RO           95    .text.HAL_UART_MspInit  usart.o
    0x08001daa   0x08001daa   0x00000002   PAD
    0x08001dac   0x08001dac   0x00000192   Code   RO          962    .text.HAL_UART_Transmit  stm32f1xx_hal_uart.o
    0x08001f3e   0x08001f3e   0x00000002   PAD
    0x08001f40   0x08001f40   0x00000002   Code   RO          110    .text.HardFault_Handler  stm32f1xx_it.o
    0x08001f42   0x08001f42   0x00000002   PAD
    0x08001f44   0x08001f44   0x000000ba   Code   RO          172    .text.I2C_WaitOnBTFFlagUntilTimeout  stm32f1xx_hal_i2c.o
    0x08001ffe   0x08001ffe   0x00000002   PAD
    0x08002000   0x08002000   0x000001ca   Code   RO          168    .text.I2C_WaitOnFlagUntilTimeout  stm32f1xx_hal_i2c.o
    0x080021ca   0x080021ca   0x00000002   PAD
    0x080021cc   0x080021cc   0x000000d6   Code   RO          286    .text.I2C_WaitOnMasterAddressFlagUntilTimeout  stm32f1xx_hal_i2c.o
    0x080022a2   0x080022a2   0x00000002   PAD
    0x080022a4   0x080022a4   0x000000ba   Code   RO          170    .text.I2C_WaitOnTXEFlagUntilTimeout  stm32f1xx_hal_i2c.o
    0x0800235e   0x0800235e   0x00000002   PAD
    0x08002360   0x08002360   0x000000e0   Code   RO           45    .text.MX_GPIO_Init  gpio.o
    0x08002440   0x08002440   0x00000042   Code   RO           54    .text.MX_I2C1_Init  i2c.o
    0x08002482   0x08002482   0x00000002   PAD
    0x08002484   0x08002484   0x00000108   Code   RO           69    .text.MX_TIM1_Init  tim.o
    0x0800258c   0x0800258c   0x00000068   Code   RO           73    .text.MX_TIM4_Init  tim.o
    0x080025f4   0x080025f4   0x0000003c   Code   RO           93    .text.MX_USART1_UART_Init  usart.o
    0x08002630   0x08002630   0x00000002   Code   RO          112    .text.MemManage_Handler  stm32f1xx_it.o
    0x08002632   0x08002632   0x00000002   PAD
    0x08002634   0x08002634   0x00000002   Code   RO          108    .text.NMI_Handler   stm32f1xx_it.o
    0x08002636   0x08002636   0x00000002   PAD
    0x08002638   0x08002638   0x00000002   Code   RO          122    .text.PendSV_Handler  stm32f1xx_it.o
    0x0800263a   0x0800263a   0x00000002   PAD
    0x0800263c   0x0800263c   0x00000236   Code   RO           23    .text.Process_Input_To_Events  main.o
    0x08002872   0x08002872   0x00000002   PAD
    0x08002874   0x08002874   0x00000002   Code   RO          118    .text.SVC_Handler   stm32f1xx_it.o
    0x08002876   0x08002876   0x00000002   PAD
    0x08002878   0x08002878   0x000001fe   Code   RO           25    .text.Sync_App_To_Hardware  main.o
    0x08002a76   0x08002a76   0x00000002   PAD
    0x08002a78   0x08002a78   0x00000004   Code   RO          124    .text.SysTick_Handler  stm32f1xx_it.o
    0x08002a7c   0x08002a7c   0x00000002   Code   RO         1068    .text.SystemInit    system_stm32f1xx.o
    0x08002a7e   0x08002a7e   0x00000002   PAD
    0x08002a80   0x08002a80   0x00000024   Code   RO         1141    .text.TMC2209_AttachPins  tmc2209.o
    0x08002aa4   0x08002aa4   0x00000012   Code   RO         1143    .text.TMC2209_EnableDriver  tmc2209.o
    0x08002ab6   0x08002ab6   0x00000002   PAD
    0x08002ab8   0x08002ab8   0x0000000e   Code   RO         1137    .text.TMC2209_Init  tmc2209.o
    0x08002ac6   0x08002ac6   0x00000002   PAD
    0x08002ac8   0x08002ac8   0x0000006e   Code   RO         1147    .text.TMC2209_SetCurrent  tmc2209.o
    0x08002b36   0x08002b36   0x00000002   PAD
    0x08002b38   0x08002b38   0x00000014   Code   RO         1145    .text.TMC2209_SetDirection  tmc2209.o
    0x08002b4c   0x08002b4c   0x00000010   Code   RO         1151    .text.TMC2209_UseUartForStepping  tmc2209.o
    0x08002b5c   0x08002b5c   0x0000036c   Code   RO         1139    .text.TMC2209_WriteRegister  tmc2209.o
    0x08002ec8   0x08002ec8   0x00000130   Code   RO         1123    .text.UI_HandleEvent  interface.o
    0x08002ff8   0x08002ff8   0x0000001c   Code   RO         1121    .text.UI_Init       interface.o
    0x08003014   0x08003014   0x00000238   Code   RO         1125    .text.UI_Refresh    interface.o
    0x0800324c   0x0800324c   0x00000002   Code   RO          116    .text.UsageFault_Handler  stm32f1xx_it.o
    0x0800324e   0x0800324e   0x00000002   PAD
    0x08003250   0x08003250   0x0000002e   Code   RO         1087    .text.lcd_clear     i2c_lcd.o
    0x0800327e   0x0800327e   0x00000002   PAD
    0x08003280   0x08003280   0x00000068   Code   RO         1089    .text.lcd_gotoxy    i2c_lcd.o
    0x080032e8   0x080032e8   0x0000010e   Code   RO         1091    .text.lcd_init      i2c_lcd.o
    0x080033f6   0x080033f6   0x00000002   PAD
    0x080033f8   0x080033f8   0x00000056   Code   RO         1093    .text.lcd_puts      i2c_lcd.o
    0x0800344e   0x0800344e   0x00000002   PAD
    0x08003450   0x08003450   0x00000214   Code   RO           27    .text.main          main.o
    0x08003664   0x08003664   0x0000000e   Code   RO         1186    i._is_digit         c_w.l(__printf_wp.o)
    0x08003672   0x08003672   0x00000002   PAD
    0x08003674   0x08003674   0x000000c4   Code   RO         1203    x$fpl$fadd          fz_ws.l(faddsub_clz.o)
    0x08003738   0x08003738   0x00000184   Code   RO         1210    x$fpl$fdiv          fz_ws.l(fdiv.o)
    0x080038bc   0x080038bc   0x00000036   Code   RO         1213    x$fpl$ffix          fz_ws.l(ffix.o)
    0x080038f2   0x080038f2   0x00000002   PAD
    0x080038f4   0x080038f4   0x00000026   Code   RO         1217    x$fpl$ffltu         fz_ws.l(fflt_clz.o)
    0x0800391a   0x0800391a   0x00000002   PAD
    0x0800391c   0x0800391c   0x00000102   Code   RO         1223    x$fpl$fmul          fz_ws.l(fmul.o)
    0x08003a1e   0x08003a1e   0x0000008c   Code   RO         1235    x$fpl$fnaninf       fz_ws.l(fnaninf.o)
    0x08003aaa   0x08003aaa   0x0000000a   Code   RO         1237    x$fpl$fretinf       fz_ws.l(fretinf.o)
    0x08003ab4   0x08003ab4   0x000000ea   Code   RO         1205    x$fpl$fsub          fz_ws.l(faddsub_clz.o)
    0x08003b9e   0x08003b9e   0x00000000   Code   RO         1239    x$fpl$usenofp       fz_ws.l(usenofp.o)
    0x08003b9e   0x08003b9e   0x00000010   Data   RO         1073    .rodata.AHBPrescTable  system_stm32f1xx.o
    0x08003bae   0x08003bae   0x00000008   Data   RO         1074    .rodata.APBPrescTable  system_stm32f1xx.o
    0x08003bb6   0x08003bb6   0x00000002   Data   RO          385    .rodata.HAL_RCC_GetSysClockFreq.aPredivFactorTable  stm32f1xx_hal_rcc.o
    0x08003bb8   0x08003bb8   0x00000010   Data   RO          384    .rodata.cst16       stm32f1xx_hal_rcc.o
    0x08003bc8   0x08003bc8   0x000000b8   Data   RO         1127    .rodata.str1.1      interface.o
    0x08003c80   0x08003c80   0x00000020   Data   RO         1403    Region$$Table       anon$$obj.o


    Execution Region RW_IRAM1 (Exec base: 0x20000000, Load base: 0x08003ca0, Size: 0x00000840, Max: 0x00005000, ABSOLUTE)

    Exec Addr    Load Addr    Size         Type   Attr      Idx    E Section Name        Object

    0x20000000   0x08003ca0   0x00000006   Data   RW           35    .data..L_MergedGlobals  main.o
    0x20000006   0x08003ca6   0x00000002   PAD
    0x20000008   0x08003ca8   0x00000008   Data   RW          347    .data..L_MergedGlobals  stm32f1xx_hal.o
    0x20000010   0x08003cb0   0x0000002c   Data   RW         1128    .data..L_MergedGlobals  interface.o
    0x2000003c   0x08003cdc   0x00000004   Data   RW         1072    .data.SystemCoreClock  system_stm32f1xx.o
    0x20000040   0x08003ce0   0x00000001   Data   RW           33    .data.btn_back_last_state  main.o
    0x20000041   0x08003ce1   0x00000007   PAD
    0x20000048        -       0x00000060   Zero   RW         1268    .bss                c_w.l(libspace.o)
    0x200000a8        -       0x00000064   Zero   RW           36    .bss..L_MergedGlobals.2  main.o
    0x2000010c        -       0x00000054   Zero   RW           60    .bss.hi2c1          i2c.o
    0x20000160        -       0x00000048   Zero   RW           83    .bss.htim1          tim.o
    0x200001a8        -       0x00000048   Zero   RW           84    .bss.htim4          tim.o
    0x200001f0        -       0x00000048   Zero   RW           99    .bss.huart1         usart.o
    0x20000238        -       0x00000004   Zero   RW          346    .bss.uwTick         stm32f1xx_hal.o
    0x2000023c   0x08003ce1   0x00000004   PAD
    0x20000240        -       0x00000200   Zero   RW            2    HEAP                startup_stm32f103xb.o
    0x20000440        -       0x00000400   Zero   RW            1    STACK               startup_stm32f103xb.o


==============================================================================

Image component sizes


      Code (inc. data)   RO Data    RW Data    ZI Data      Debug   Object Name

        48          0          0          0          0       4625   encoder.o
       224          0          0          0          0       2656   gpio.o
       196          0          0          0         84       4724   i2c.o
       506          6          0          0          0       7848   i2c_lcd.o
       900        172        184         44          0       6882   interface.o
      1618         36          0          7        100      14654   main.o
        64         26        236          0       1536        780   startup_stm32f103xb.o
       188          0          0          8          4       5745   stm32f1xx_hal.o
       196          0          0          0          0       8400   stm32f1xx_hal_cortex.o
       586         22          0          0          0       4742   stm32f1xx_hal_gpio.o
      1876          0          0          0          0      45094   stm32f1xx_hal_i2c.o
        66          0          0          0          0       1186   stm32f1xx_hal_msp.o
      1542          0         18          0          0       8053   stm32f1xx_hal_rcc.o
      1300          6          0          0          0      58557   stm32f1xx_hal_tim.o
       542          0          0          0          0      21198   stm32f1xx_hal_tim_ex.o
       628          0          0          0          0      33138   stm32f1xx_hal_uart.o
        26          0          0          0          0       1453   stm32f1xx_it.o
         2          0         24          4          0       1564   system_stm32f1xx.o
       514          0          0          0        144       7368   tim.o
      1090          0          0          0          0       9148   tmc2209.o
       186          0          0          0         72       4293   usart.o

    ----------------------------------------------------------------------
     12396        268        494         68       1948     252108   Object Totals
         0          0         32          0          0          0   (incl. Generated)
        98          0          0          5          8          0   (incl. Padding)

    ----------------------------------------------------------------------

      Code (inc. data)   RO Data    RW Data    ZI Data      Debug   Library Member Name

         8          0          0          0          0         68   __main.o
       352          0          0          0          0         88   __printf_ss_wp.o
        14          0          0          0          0         68   __printf_wp.o
         0          0          0          0          0          0   __rtentry.o
        12          0          0          0          0          0   __rtentry2.o
         6          0          0          0          0          0   __rtentry4.o
        94          8          0          0          0          0   __scatter.o
        26          0          0          0          0          0   __scatter_copy.o
        28          0          0          0          0          0   __scatter_zi.o
        44          0          0          0          0        108   _printf_char.o
        48          6          0          0          0         96   _printf_char_common.o
         6          0          0          0          0          0   _printf_d.o
       120         16          0          0          0         92   _printf_dec.o
       178          0          0          0          0         88   _printf_intcommon.o
        78          0          0          0          0        108   _printf_pad.o
         0          0          0          0          0          0   _printf_percent.o
         4          0          0          0          0          0   _printf_percent_end.o
         6          0          0          0          0          0   _printf_s.o
        82          0          0          0          0         80   _printf_str.o
        10          0          0          0          0         68   _sputc.o
        18          0          0          0          0         80   exit.o
         6          0          0          0          0        152   heapauxi.o
         0          0          0          0          0          0   indicate_semi.o
         2          0          0          0          0          0   libinit.o
         2          0          0          0          0          0   libinit2.o
         2          0          0          0          0          0   libshutdown.o
         2          0          0          0          0          0   libshutdown2.o
         8          4          0          0         96         68   libspace.o
        40          6          0          0          0         84   noretval__2sprintf.o
         2          0          0          0          0          0   rtexit.o
        10          0          0          0          0          0   rtexit2.o
        12          4          0          0          0         68   sys_exit.o
        74          0          0          0          0         80   sys_stackheap_outer.o
         2          0          0          0          0         68   use_no_semi.o
       430          8          0          0          0        168   faddsub_clz.o
       388         76          0          0          0         96   fdiv.o
        54          4          0          0          0         84   ffix.o
        38          0          0          0          0         68   fflt_clz.o
       258          4          0          0          0         84   fmul.o
       140          4          0          0          0         84   fnaninf.o
        10          0          0          0          0         68   fretinf.o
         0          0          0          0          0          0   usenofp.o

    ----------------------------------------------------------------------
      2630        140          0          0         96       2116   Library Totals
        16          0          0          0          0          0   (incl. Padding)

    ----------------------------------------------------------------------

      Code (inc. data)   RO Data    RW Data    ZI Data      Debug   Library Name

      1296         44          0          0         96       1464   c_w.l
      1318         96          0          0          0        652   fz_ws.l

    ----------------------------------------------------------------------
      2630        140          0          0         96       2116   Library Totals

    ----------------------------------------------------------------------

==============================================================================


      Code (inc. data)   RO Data    RW Data    ZI Data      Debug   

     15026        408        494         68       2044     252868   Grand Totals
     15026        408        494         68       2044     252868   ELF Image Totals
     15026        408        494         68          0          0   ROM Totals

==============================================================================

    Total RO  Size (Code + RO Data)                15520 (  15.16kB)
    Total RW  Size (RW Data + ZI Data)              2112 (   2.06kB)
    Total ROM Size (Code + RO Data + RW Data)      15588 (  15.22kB)

==============================================================================

